<!doctype html public "-//w3c//dtd html 4.0 transitional//en">
<html><head>
<title>Static Call Graph - [.\HT32\1656\Obj\HT32.axf]</title></head>
<body><HR>
<H1>Static Call Graph for image .\HT32\1656\Obj\HT32.axf</H1><HR>
<BR><P>#&#060CALLGRAPH&#062# ARM Linker, 5060528: Last Updated: Thu Mar 28 21:53:40 2019
<BR><P>
<H3>Maximum Stack Usage =         32 bytes + Unknown(Cycles, Untraceable Function Pointers)</H3><H3>
Call chain for Maximum Stack Depth:</H3>
main &rArr; AFIO_GPxConfig
<P>
<H3>
Mutually Recursive functions
</H3> <LI><a href="#[23]">ADC_IRQHandler</a>&nbsp;&nbsp;&nbsp;&rArr;&nbsp;&nbsp;&nbsp;<a href="#[23]">ADC_IRQHandler</a><BR>
 <LI><a href="#[4]">BusFault_Handler</a>&nbsp;&nbsp;&nbsp;&rArr;&nbsp;&nbsp;&nbsp;<a href="#[4]">BusFault_Handler</a><BR>
 <LI><a href="#[3]">MemManage_Handler</a>&nbsp;&nbsp;&nbsp;&rArr;&nbsp;&nbsp;&nbsp;<a href="#[3]">MemManage_Handler</a><BR>
 <LI><a href="#[5]">UsageFault_Handler</a>&nbsp;&nbsp;&nbsp;&rArr;&nbsp;&nbsp;&nbsp;<a href="#[5]">UsageFault_Handler</a><BR>
</UL>
<P>
<H3>
Function Pointers
</H3><UL>
 <LI><a href="#[23]">ADC_IRQHandler</a> from startup_ht32f1xxxx_01.o(RESET) referenced from startup_ht32f1xxxx_01.o(RESET)
 <LI><a href="#[2e]">BFTM0_IRQHandler</a> from startup_ht32f1xxxx_01.o(RESET) referenced from startup_ht32f1xxxx_01.o(RESET)
 <LI><a href="#[2f]">BFTM1_IRQHandler</a> from startup_ht32f1xxxx_01.o(RESET) referenced from startup_ht32f1xxxx_01.o(RESET)
 <LI><a href="#[c]">BOD_IRQHandler</a> from startup_ht32f1xxxx_01.o(RESET) referenced from startup_ht32f1xxxx_01.o(RESET)
 <LI><a href="#[4]">BusFault_Handler</a> from ht32f1xxxx_01_it.o(i.BusFault_Handler) referenced from startup_ht32f1xxxx_01.o(RESET)
 <LI><a href="#[a]">CKRDY_IRQHandler</a> from startup_ht32f1xxxx_01.o(RESET) referenced from startup_ht32f1xxxx_01.o(RESET)
 <LI><a href="#[22]">COMP_IRQHandler</a> from startup_ht32f1xxxx_01.o(RESET) referenced from startup_ht32f1xxxx_01.o(RESET)
 <LI><a href="#[7]">DebugMon_Handler</a> from ht32f1xxxx_01_it.o(i.DebugMon_Handler) referenced from startup_ht32f1xxxx_01.o(RESET)
 <LI><a href="#[43]">EBI_IRQHandler</a> from startup_ht32f1xxxx_01.o(RESET) referenced from startup_ht32f1xxxx_01.o(RESET)
 <LI><a href="#[10]">EVWUP_IRQHandler</a> from startup_ht32f1xxxx_01.o(RESET) referenced from startup_ht32f1xxxx_01.o(RESET)
 <LI><a href="#[12]">EXTI0_IRQHandler</a> from startup_ht32f1xxxx_01.o(RESET) referenced from startup_ht32f1xxxx_01.o(RESET)
 <LI><a href="#[1c]">EXTI10_IRQHandler</a> from startup_ht32f1xxxx_01.o(RESET) referenced from startup_ht32f1xxxx_01.o(RESET)
 <LI><a href="#[1d]">EXTI11_IRQHandler</a> from startup_ht32f1xxxx_01.o(RESET) referenced from startup_ht32f1xxxx_01.o(RESET)
 <LI><a href="#[1e]">EXTI12_IRQHandler</a> from startup_ht32f1xxxx_01.o(RESET) referenced from startup_ht32f1xxxx_01.o(RESET)
 <LI><a href="#[1f]">EXTI13_IRQHandler</a> from startup_ht32f1xxxx_01.o(RESET) referenced from startup_ht32f1xxxx_01.o(RESET)
 <LI><a href="#[20]">EXTI14_IRQHandler</a> from startup_ht32f1xxxx_01.o(RESET) referenced from startup_ht32f1xxxx_01.o(RESET)
 <LI><a href="#[21]">EXTI15_IRQHandler</a> from startup_ht32f1xxxx_01.o(RESET) referenced from startup_ht32f1xxxx_01.o(RESET)
 <LI><a href="#[13]">EXTI1_IRQHandler</a> from startup_ht32f1xxxx_01.o(RESET) referenced from startup_ht32f1xxxx_01.o(RESET)
 <LI><a href="#[14]">EXTI2_IRQHandler</a> from startup_ht32f1xxxx_01.o(RESET) referenced from startup_ht32f1xxxx_01.o(RESET)
 <LI><a href="#[15]">EXTI3_IRQHandler</a> from startup_ht32f1xxxx_01.o(RESET) referenced from startup_ht32f1xxxx_01.o(RESET)
 <LI><a href="#[16]">EXTI4_IRQHandler</a> from startup_ht32f1xxxx_01.o(RESET) referenced from startup_ht32f1xxxx_01.o(RESET)
 <LI><a href="#[17]">EXTI5_IRQHandler</a> from startup_ht32f1xxxx_01.o(RESET) referenced from startup_ht32f1xxxx_01.o(RESET)
 <LI><a href="#[18]">EXTI6_IRQHandler</a> from startup_ht32f1xxxx_01.o(RESET) referenced from startup_ht32f1xxxx_01.o(RESET)
 <LI><a href="#[19]">EXTI7_IRQHandler</a> from startup_ht32f1xxxx_01.o(RESET) referenced from startup_ht32f1xxxx_01.o(RESET)
 <LI><a href="#[1a]">EXTI8_IRQHandler</a> from startup_ht32f1xxxx_01.o(RESET) referenced from startup_ht32f1xxxx_01.o(RESET)
 <LI><a href="#[1b]">EXTI9_IRQHandler</a> from startup_ht32f1xxxx_01.o(RESET) referenced from startup_ht32f1xxxx_01.o(RESET)
 <LI><a href="#[f]">FLASH_IRQHandler</a> from startup_ht32f1xxxx_01.o(RESET) referenced from startup_ht32f1xxxx_01.o(RESET)
 <LI><a href="#[2c]">GPTM0_IRQHandler</a> from startup_ht32f1xxxx_01.o(RESET) referenced from startup_ht32f1xxxx_01.o(RESET)
 <LI><a href="#[2d]">GPTM1_IRQHandler</a> from startup_ht32f1xxxx_01.o(RESET) referenced from startup_ht32f1xxxx_01.o(RESET)
 <LI><a href="#[2]">HardFault_Handler</a> from ht32f1xxxx_01_it.o(i.HardFault_Handler) referenced from startup_ht32f1xxxx_01.o(RESET)
 <LI><a href="#[30]">I2C0_IRQHandler</a> from startup_ht32f1xxxx_01.o(RESET) referenced from startup_ht32f1xxxx_01.o(RESET)
 <LI><a href="#[31]">I2C1_IRQHandler</a> from startup_ht32f1xxxx_01.o(RESET) referenced from startup_ht32f1xxxx_01.o(RESET)
 <LI><a href="#[39]">I2S_IRQHandler</a> from startup_ht32f1xxxx_01.o(RESET) referenced from startup_ht32f1xxxx_01.o(RESET)
 <LI><a href="#[11]">LPWUP_IRQHandler</a> from startup_ht32f1xxxx_01.o(RESET) referenced from startup_ht32f1xxxx_01.o(RESET)
 <LI><a href="#[b]">LVD_IRQHandler</a> from startup_ht32f1xxxx_01.o(RESET) referenced from startup_ht32f1xxxx_01.o(RESET)
 <LI><a href="#[24]">MCTM0BRK_IRQHandler</a> from startup_ht32f1xxxx_01.o(RESET) referenced from startup_ht32f1xxxx_01.o(RESET)
 <LI><a href="#[27]">MCTM0CC_IRQHandler</a> from startup_ht32f1xxxx_01.o(RESET) referenced from startup_ht32f1xxxx_01.o(RESET)
 <LI><a href="#[26]">MCTM0TR_IRQHandler</a> from startup_ht32f1xxxx_01.o(RESET) referenced from startup_ht32f1xxxx_01.o(RESET)
 <LI><a href="#[25]">MCTM0UP_IRQHandler</a> from startup_ht32f1xxxx_01.o(RESET) referenced from startup_ht32f1xxxx_01.o(RESET)
 <LI><a href="#[28]">MCTM1BRK_IRQHandler</a> from startup_ht32f1xxxx_01.o(RESET) referenced from startup_ht32f1xxxx_01.o(RESET)
 <LI><a href="#[2b]">MCTM1CC_IRQHandler</a> from startup_ht32f1xxxx_01.o(RESET) referenced from startup_ht32f1xxxx_01.o(RESET)
 <LI><a href="#[2a]">MCTM1TR_IRQHandler</a> from startup_ht32f1xxxx_01.o(RESET) referenced from startup_ht32f1xxxx_01.o(RESET)
 <LI><a href="#[29]">MCTM1UP_IRQHandler</a> from startup_ht32f1xxxx_01.o(RESET) referenced from startup_ht32f1xxxx_01.o(RESET)
 <LI><a href="#[3]">MemManage_Handler</a> from ht32f1xxxx_01_it.o(i.MemManage_Handler) referenced from startup_ht32f1xxxx_01.o(RESET)
 <LI><a href="#[1]">NMI_Handler</a> from ht32f1xxxx_01_it.o(i.NMI_Handler) referenced from startup_ht32f1xxxx_01.o(RESET)
 <LI><a href="#[3b]">PDMA_CH0_IRQHandler</a> from startup_ht32f1xxxx_01.o(RESET) referenced from startup_ht32f1xxxx_01.o(RESET)
 <LI><a href="#[3c]">PDMA_CH1_IRQHandler</a> from startup_ht32f1xxxx_01.o(RESET) referenced from startup_ht32f1xxxx_01.o(RESET)
 <LI><a href="#[3d]">PDMA_CH2_IRQHandler</a> from startup_ht32f1xxxx_01.o(RESET) referenced from startup_ht32f1xxxx_01.o(RESET)
 <LI><a href="#[3e]">PDMA_CH3_IRQHandler</a> from startup_ht32f1xxxx_01.o(RESET) referenced from startup_ht32f1xxxx_01.o(RESET)
 <LI><a href="#[3f]">PDMA_CH4_IRQHandler</a> from startup_ht32f1xxxx_01.o(RESET) referenced from startup_ht32f1xxxx_01.o(RESET)
 <LI><a href="#[40]">PDMA_CH5_IRQHandler</a> from startup_ht32f1xxxx_01.o(RESET) referenced from startup_ht32f1xxxx_01.o(RESET)
 <LI><a href="#[41]">PDMA_CH6_IRQHandler</a> from startup_ht32f1xxxx_01.o(RESET) referenced from startup_ht32f1xxxx_01.o(RESET)
 <LI><a href="#[42]">PDMA_CH7_IRQHandler</a> from startup_ht32f1xxxx_01.o(RESET) referenced from startup_ht32f1xxxx_01.o(RESET)
 <LI><a href="#[8]">PendSV_Handler</a> from ht32f1xxxx_01_it.o(i.PendSV_Handler) referenced from startup_ht32f1xxxx_01.o(RESET)
 <LI><a href="#[e]">RTC_IRQHandler</a> from startup_ht32f1xxxx_01.o(RESET) referenced from startup_ht32f1xxxx_01.o(RESET)
 <LI><a href="#[47]">Reset_Handler</a> from startup_ht32f1xxxx_01.o(RESET) referenced from startup_ht32f1xxxx_01.o(RESET)
 <LI><a href="#[38]">SCI_IRQHandler</a> from startup_ht32f1xxxx_01.o(RESET) referenced from startup_ht32f1xxxx_01.o(RESET)
 <LI><a href="#[32]">SPI0_IRQHandler</a> from startup_ht32f1xxxx_01.o(RESET) referenced from startup_ht32f1xxxx_01.o(RESET)
 <LI><a href="#[33]">SPI1_IRQHandler</a> from startup_ht32f1xxxx_01.o(RESET) referenced from startup_ht32f1xxxx_01.o(RESET)
 <LI><a href="#[6]">SVC_Handler</a> from ht32f1xxxx_01_it.o(i.SVC_Handler) referenced from startup_ht32f1xxxx_01.o(RESET)
 <LI><a href="#[9]">SysTick_Handler</a> from ht32f1xxxx_01_it.o(i.SysTick_Handler) referenced from startup_ht32f1xxxx_01.o(RESET)
 <LI><a href="#[44]">SystemInit</a> from system_ht32f1xxxx_01.o(i.SystemInit) referenced from startup_ht32f1xxxx_01.o(RESET)
 <LI><a href="#[36]">UART0_IRQHandler</a> from startup_ht32f1xxxx_01.o(RESET) referenced from startup_ht32f1xxxx_01.o(RESET)
 <LI><a href="#[37]">UART1_IRQHandler</a> from startup_ht32f1xxxx_01.o(RESET) referenced from startup_ht32f1xxxx_01.o(RESET)
 <LI><a href="#[34]">USART0_IRQHandler</a> from startup_ht32f1xxxx_01.o(RESET) referenced from startup_ht32f1xxxx_01.o(RESET)
 <LI><a href="#[35]">USART1_IRQHandler</a> from startup_ht32f1xxxx_01.o(RESET) referenced from startup_ht32f1xxxx_01.o(RESET)
 <LI><a href="#[3a]">USB_IRQHandler</a> from startup_ht32f1xxxx_01.o(RESET) referenced from startup_ht32f1xxxx_01.o(RESET)
 <LI><a href="#[5]">UsageFault_Handler</a> from ht32f1xxxx_01_it.o(i.UsageFault_Handler) referenced from startup_ht32f1xxxx_01.o(RESET)
 <LI><a href="#[d]">WDT_IRQHandler</a> from startup_ht32f1xxxx_01.o(RESET) referenced from startup_ht32f1xxxx_01.o(RESET)
 <LI><a href="#[45]">__main</a> from entry.o(.ARM.Collect$$$$00000000) referenced from startup_ht32f1xxxx_01.o(RESET)
 <LI><a href="#[46]">main</a> from main.o(i.main) referenced from entry9a.o(.ARM.Collect$$$$0000000B)
</UL>
<P>
<H3>
Global Symbols
</H3>
<P><STRONG><a name="[47]"></a>Reset_Handler</STRONG> (Thumb, 8 bytes, Stack size 0 bytes, startup_ht32f1xxxx_01.o(RESET))

<P><STRONG><a name="[23]"></a>ADC_IRQHandler</STRONG> (Thumb, 0 bytes, Stack size 0 bytes, startup_ht32f1xxxx_01.o(RESET))
<BR><BR>[Calls]<UL><LI><a href="#[23]">&gt;&gt;</a>&nbsp;&nbsp;&nbsp;ADC_IRQHandler
</UL>
<BR>[Called By]<UL><LI><a href="#[23]">&gt;&gt;</a>&nbsp;&nbsp;&nbsp;ADC_IRQHandler
</UL>
<BR>[Address Reference Count : 1]<UL><LI> startup_ht32f1xxxx_01.o(RESET)
</UL>
<P><STRONG><a name="[48]"></a>AES_IRQHandler</STRONG> (Thumb, 0 bytes, Stack size 0 bytes, startup_ht32f1xxxx_01.o(RESET), UNUSED, KEPT)

<P><STRONG><a name="[2e]"></a>BFTM0_IRQHandler</STRONG> (Thumb, 0 bytes, Stack size 0 bytes, startup_ht32f1xxxx_01.o(RESET))
<BR>[Address Reference Count : 1]<UL><LI> startup_ht32f1xxxx_01.o(RESET)
</UL>
<P><STRONG><a name="[2f]"></a>BFTM1_IRQHandler</STRONG> (Thumb, 0 bytes, Stack size 0 bytes, startup_ht32f1xxxx_01.o(RESET))
<BR>[Address Reference Count : 1]<UL><LI> startup_ht32f1xxxx_01.o(RESET)
</UL>
<P><STRONG><a name="[c]"></a>BOD_IRQHandler</STRONG> (Thumb, 0 bytes, Stack size 0 bytes, startup_ht32f1xxxx_01.o(RESET))
<BR>[Address Reference Count : 1]<UL><LI> startup_ht32f1xxxx_01.o(RESET)
</UL>
<P><STRONG><a name="[a]"></a>CKRDY_IRQHandler</STRONG> (Thumb, 0 bytes, Stack size 0 bytes, startup_ht32f1xxxx_01.o(RESET))
<BR>[Address Reference Count : 1]<UL><LI> startup_ht32f1xxxx_01.o(RESET)
</UL>
<P><STRONG><a name="[22]"></a>COMP_IRQHandler</STRONG> (Thumb, 0 bytes, Stack size 0 bytes, startup_ht32f1xxxx_01.o(RESET))
<BR>[Address Reference Count : 1]<UL><LI> startup_ht32f1xxxx_01.o(RESET)
</UL>
<P><STRONG><a name="[49]"></a>CSIF_IRQHandler</STRONG> (Thumb, 0 bytes, Stack size 0 bytes, startup_ht32f1xxxx_01.o(RESET), UNUSED, KEPT)

<P><STRONG><a name="[43]"></a>EBI_IRQHandler</STRONG> (Thumb, 0 bytes, Stack size 0 bytes, startup_ht32f1xxxx_01.o(RESET))
<BR>[Address Reference Count : 1]<UL><LI> startup_ht32f1xxxx_01.o(RESET)
</UL>
<P><STRONG><a name="[10]"></a>EVWUP_IRQHandler</STRONG> (Thumb, 0 bytes, Stack size 0 bytes, startup_ht32f1xxxx_01.o(RESET))
<BR>[Address Reference Count : 1]<UL><LI> startup_ht32f1xxxx_01.o(RESET)
</UL>
<P><STRONG><a name="[12]"></a>EXTI0_IRQHandler</STRONG> (Thumb, 0 bytes, Stack size 0 bytes, startup_ht32f1xxxx_01.o(RESET))
<BR>[Address Reference Count : 1]<UL><LI> startup_ht32f1xxxx_01.o(RESET)
</UL>
<P><STRONG><a name="[1c]"></a>EXTI10_IRQHandler</STRONG> (Thumb, 0 bytes, Stack size 0 bytes, startup_ht32f1xxxx_01.o(RESET))
<BR>[Address Reference Count : 1]<UL><LI> startup_ht32f1xxxx_01.o(RESET)
</UL>
<P><STRONG><a name="[1d]"></a>EXTI11_IRQHandler</STRONG> (Thumb, 0 bytes, Stack size 0 bytes, startup_ht32f1xxxx_01.o(RESET))
<BR>[Address Reference Count : 1]<UL><LI> startup_ht32f1xxxx_01.o(RESET)
</UL>
<P><STRONG><a name="[1e]"></a>EXTI12_IRQHandler</STRONG> (Thumb, 0 bytes, Stack size 0 bytes, startup_ht32f1xxxx_01.o(RESET))
<BR>[Address Reference Count : 1]<UL><LI> startup_ht32f1xxxx_01.o(RESET)
</UL>
<P><STRONG><a name="[1f]"></a>EXTI13_IRQHandler</STRONG> (Thumb, 0 bytes, Stack size 0 bytes, startup_ht32f1xxxx_01.o(RESET))
<BR>[Address Reference Count : 1]<UL><LI> startup_ht32f1xxxx_01.o(RESET)
</UL>
<P><STRONG><a name="[20]"></a>EXTI14_IRQHandler</STRONG> (Thumb, 0 bytes, Stack size 0 bytes, startup_ht32f1xxxx_01.o(RESET))
<BR>[Address Reference Count : 1]<UL><LI> startup_ht32f1xxxx_01.o(RESET)
</UL>
<P><STRONG><a name="[21]"></a>EXTI15_IRQHandler</STRONG> (Thumb, 0 bytes, Stack size 0 bytes, startup_ht32f1xxxx_01.o(RESET))
<BR>[Address Reference Count : 1]<UL><LI> startup_ht32f1xxxx_01.o(RESET)
</UL>
<P><STRONG><a name="[13]"></a>EXTI1_IRQHandler</STRONG> (Thumb, 0 bytes, Stack size 0 bytes, startup_ht32f1xxxx_01.o(RESET))
<BR>[Address Reference Count : 1]<UL><LI> startup_ht32f1xxxx_01.o(RESET)
</UL>
<P><STRONG><a name="[14]"></a>EXTI2_IRQHandler</STRONG> (Thumb, 0 bytes, Stack size 0 bytes, startup_ht32f1xxxx_01.o(RESET))
<BR>[Address Reference Count : 1]<UL><LI> startup_ht32f1xxxx_01.o(RESET)
</UL>
<P><STRONG><a name="[15]"></a>EXTI3_IRQHandler</STRONG> (Thumb, 0 bytes, Stack size 0 bytes, startup_ht32f1xxxx_01.o(RESET))
<BR>[Address Reference Count : 1]<UL><LI> startup_ht32f1xxxx_01.o(RESET)
</UL>
<P><STRONG><a name="[16]"></a>EXTI4_IRQHandler</STRONG> (Thumb, 0 bytes, Stack size 0 bytes, startup_ht32f1xxxx_01.o(RESET))
<BR>[Address Reference Count : 1]<UL><LI> startup_ht32f1xxxx_01.o(RESET)
</UL>
<P><STRONG><a name="[17]"></a>EXTI5_IRQHandler</STRONG> (Thumb, 0 bytes, Stack size 0 bytes, startup_ht32f1xxxx_01.o(RESET))
<BR>[Address Reference Count : 1]<UL><LI> startup_ht32f1xxxx_01.o(RESET)
</UL>
<P><STRONG><a name="[18]"></a>EXTI6_IRQHandler</STRONG> (Thumb, 0 bytes, Stack size 0 bytes, startup_ht32f1xxxx_01.o(RESET))
<BR>[Address Reference Count : 1]<UL><LI> startup_ht32f1xxxx_01.o(RESET)
</UL>
<P><STRONG><a name="[19]"></a>EXTI7_IRQHandler</STRONG> (Thumb, 0 bytes, Stack size 0 bytes, startup_ht32f1xxxx_01.o(RESET))
<BR>[Address Reference Count : 1]<UL><LI> startup_ht32f1xxxx_01.o(RESET)
</UL>
<P><STRONG><a name="[1a]"></a>EXTI8_IRQHandler</STRONG> (Thumb, 0 bytes, Stack size 0 bytes, startup_ht32f1xxxx_01.o(RESET))
<BR>[Address Reference Count : 1]<UL><LI> startup_ht32f1xxxx_01.o(RESET)
</UL>
<P><STRONG><a name="[1b]"></a>EXTI9_IRQHandler</STRONG> (Thumb, 0 bytes, Stack size 0 bytes, startup_ht32f1xxxx_01.o(RESET))
<BR>[Address Reference Count : 1]<UL><LI> startup_ht32f1xxxx_01.o(RESET)
</UL>
<P><STRONG><a name="[f]"></a>FLASH_IRQHandler</STRONG> (Thumb, 0 bytes, Stack size 0 bytes, startup_ht32f1xxxx_01.o(RESET))
<BR>[Address Reference Count : 1]<UL><LI> startup_ht32f1xxxx_01.o(RESET)
</UL>
<P><STRONG><a name="[2c]"></a>GPTM0_IRQHandler</STRONG> (Thumb, 0 bytes, Stack size 0 bytes, startup_ht32f1xxxx_01.o(RESET))
<BR>[Address Reference Count : 1]<UL><LI> startup_ht32f1xxxx_01.o(RESET)
</UL>
<P><STRONG><a name="[2d]"></a>GPTM1_IRQHandler</STRONG> (Thumb, 0 bytes, Stack size 0 bytes, startup_ht32f1xxxx_01.o(RESET))
<BR>[Address Reference Count : 1]<UL><LI> startup_ht32f1xxxx_01.o(RESET)
</UL>
<P><STRONG><a name="[30]"></a>I2C0_IRQHandler</STRONG> (Thumb, 0 bytes, Stack size 0 bytes, startup_ht32f1xxxx_01.o(RESET))
<BR>[Address Reference Count : 1]<UL><LI> startup_ht32f1xxxx_01.o(RESET)
</UL>
<P><STRONG><a name="[31]"></a>I2C1_IRQHandler</STRONG> (Thumb, 0 bytes, Stack size 0 bytes, startup_ht32f1xxxx_01.o(RESET))
<BR>[Address Reference Count : 1]<UL><LI> startup_ht32f1xxxx_01.o(RESET)
</UL>
<P><STRONG><a name="[39]"></a>I2S_IRQHandler</STRONG> (Thumb, 0 bytes, Stack size 0 bytes, startup_ht32f1xxxx_01.o(RESET))
<BR>[Address Reference Count : 1]<UL><LI> startup_ht32f1xxxx_01.o(RESET)
</UL>
<P><STRONG><a name="[11]"></a>LPWUP_IRQHandler</STRONG> (Thumb, 0 bytes, Stack size 0 bytes, startup_ht32f1xxxx_01.o(RESET))
<BR>[Address Reference Count : 1]<UL><LI> startup_ht32f1xxxx_01.o(RESET)
</UL>
<P><STRONG><a name="[b]"></a>LVD_IRQHandler</STRONG> (Thumb, 0 bytes, Stack size 0 bytes, startup_ht32f1xxxx_01.o(RESET))
<BR>[Address Reference Count : 1]<UL><LI> startup_ht32f1xxxx_01.o(RESET)
</UL>
<P><STRONG><a name="[24]"></a>MCTM0BRK_IRQHandler</STRONG> (Thumb, 0 bytes, Stack size 0 bytes, startup_ht32f1xxxx_01.o(RESET))
<BR>[Address Reference Count : 1]<UL><LI> startup_ht32f1xxxx_01.o(RESET)
</UL>
<P><STRONG><a name="[27]"></a>MCTM0CC_IRQHandler</STRONG> (Thumb, 0 bytes, Stack size 0 bytes, startup_ht32f1xxxx_01.o(RESET))
<BR>[Address Reference Count : 1]<UL><LI> startup_ht32f1xxxx_01.o(RESET)
</UL>
<P><STRONG><a name="[26]"></a>MCTM0TR_IRQHandler</STRONG> (Thumb, 0 bytes, Stack size 0 bytes, startup_ht32f1xxxx_01.o(RESET))
<BR>[Address Reference Count : 1]<UL><LI> startup_ht32f1xxxx_01.o(RESET)
</UL>
<P><STRONG><a name="[25]"></a>MCTM0UP_IRQHandler</STRONG> (Thumb, 0 bytes, Stack size 0 bytes, startup_ht32f1xxxx_01.o(RESET))
<BR>[Address Reference Count : 1]<UL><LI> startup_ht32f1xxxx_01.o(RESET)
</UL>
<P><STRONG><a name="[28]"></a>MCTM1BRK_IRQHandler</STRONG> (Thumb, 0 bytes, Stack size 0 bytes, startup_ht32f1xxxx_01.o(RESET))
<BR>[Address Reference Count : 1]<UL><LI> startup_ht32f1xxxx_01.o(RESET)
</UL>
<P><STRONG><a name="[2b]"></a>MCTM1CC_IRQHandler</STRONG> (Thumb, 0 bytes, Stack size 0 bytes, startup_ht32f1xxxx_01.o(RESET))
<BR>[Address Reference Count : 1]<UL><LI> startup_ht32f1xxxx_01.o(RESET)
</UL>
<P><STRONG><a name="[2a]"></a>MCTM1TR_IRQHandler</STRONG> (Thumb, 0 bytes, Stack size 0 bytes, startup_ht32f1xxxx_01.o(RESET))
<BR>[Address Reference Count : 1]<UL><LI> startup_ht32f1xxxx_01.o(RESET)
</UL>
<P><STRONG><a name="[29]"></a>MCTM1UP_IRQHandler</STRONG> (Thumb, 0 bytes, Stack size 0 bytes, startup_ht32f1xxxx_01.o(RESET))
<BR>[Address Reference Count : 1]<UL><LI> startup_ht32f1xxxx_01.o(RESET)
</UL>
<P><STRONG><a name="[3b]"></a>PDMA_CH0_IRQHandler</STRONG> (Thumb, 0 bytes, Stack size 0 bytes, startup_ht32f1xxxx_01.o(RESET))
<BR>[Address Reference Count : 1]<UL><LI> startup_ht32f1xxxx_01.o(RESET)
</UL>
<P><STRONG><a name="[4a]"></a>PDMA_CH10_IRQHandler</STRONG> (Thumb, 0 bytes, Stack size 0 bytes, startup_ht32f1xxxx_01.o(RESET), UNUSED, KEPT)

<P><STRONG><a name="[4b]"></a>PDMA_CH11_IRQHandler</STRONG> (Thumb, 0 bytes, Stack size 0 bytes, startup_ht32f1xxxx_01.o(RESET), UNUSED, KEPT)

<P><STRONG><a name="[3c]"></a>PDMA_CH1_IRQHandler</STRONG> (Thumb, 0 bytes, Stack size 0 bytes, startup_ht32f1xxxx_01.o(RESET))
<BR>[Address Reference Count : 1]<UL><LI> startup_ht32f1xxxx_01.o(RESET)
</UL>
<P><STRONG><a name="[3d]"></a>PDMA_CH2_IRQHandler</STRONG> (Thumb, 0 bytes, Stack size 0 bytes, startup_ht32f1xxxx_01.o(RESET))
<BR>[Address Reference Count : 1]<UL><LI> startup_ht32f1xxxx_01.o(RESET)
</UL>
<P><STRONG><a name="[3e]"></a>PDMA_CH3_IRQHandler</STRONG> (Thumb, 0 bytes, Stack size 0 bytes, startup_ht32f1xxxx_01.o(RESET))
<BR>[Address Reference Count : 1]<UL><LI> startup_ht32f1xxxx_01.o(RESET)
</UL>
<P><STRONG><a name="[3f]"></a>PDMA_CH4_IRQHandler</STRONG> (Thumb, 0 bytes, Stack size 0 bytes, startup_ht32f1xxxx_01.o(RESET))
<BR>[Address Reference Count : 1]<UL><LI> startup_ht32f1xxxx_01.o(RESET)
</UL>
<P><STRONG><a name="[40]"></a>PDMA_CH5_IRQHandler</STRONG> (Thumb, 0 bytes, Stack size 0 bytes, startup_ht32f1xxxx_01.o(RESET))
<BR>[Address Reference Count : 1]<UL><LI> startup_ht32f1xxxx_01.o(RESET)
</UL>
<P><STRONG><a name="[41]"></a>PDMA_CH6_IRQHandler</STRONG> (Thumb, 0 bytes, Stack size 0 bytes, startup_ht32f1xxxx_01.o(RESET))
<BR>[Address Reference Count : 1]<UL><LI> startup_ht32f1xxxx_01.o(RESET)
</UL>
<P><STRONG><a name="[42]"></a>PDMA_CH7_IRQHandler</STRONG> (Thumb, 0 bytes, Stack size 0 bytes, startup_ht32f1xxxx_01.o(RESET))
<BR>[Address Reference Count : 1]<UL><LI> startup_ht32f1xxxx_01.o(RESET)
</UL>
<P><STRONG><a name="[4c]"></a>PDMA_CH8_IRQHandler</STRONG> (Thumb, 0 bytes, Stack size 0 bytes, startup_ht32f1xxxx_01.o(RESET), UNUSED, KEPT)

<P><STRONG><a name="[4d]"></a>PDMA_CH9_IRQHandler</STRONG> (Thumb, 0 bytes, Stack size 0 bytes, startup_ht32f1xxxx_01.o(RESET), UNUSED, KEPT)

<P><STRONG><a name="[e]"></a>RTC_IRQHandler</STRONG> (Thumb, 0 bytes, Stack size 0 bytes, startup_ht32f1xxxx_01.o(RESET))
<BR>[Address Reference Count : 1]<UL><LI> startup_ht32f1xxxx_01.o(RESET)
</UL>
<P><STRONG><a name="[38]"></a>SCI_IRQHandler</STRONG> (Thumb, 0 bytes, Stack size 0 bytes, startup_ht32f1xxxx_01.o(RESET))
<BR>[Address Reference Count : 1]<UL><LI> startup_ht32f1xxxx_01.o(RESET)
</UL>
<P><STRONG><a name="[4e]"></a>SDIO_IRQHandler</STRONG> (Thumb, 0 bytes, Stack size 0 bytes, startup_ht32f1xxxx_01.o(RESET), UNUSED, KEPT)

<P><STRONG><a name="[32]"></a>SPI0_IRQHandler</STRONG> (Thumb, 0 bytes, Stack size 0 bytes, startup_ht32f1xxxx_01.o(RESET))
<BR>[Address Reference Count : 1]<UL><LI> startup_ht32f1xxxx_01.o(RESET)
</UL>
<P><STRONG><a name="[33]"></a>SPI1_IRQHandler</STRONG> (Thumb, 0 bytes, Stack size 0 bytes, startup_ht32f1xxxx_01.o(RESET))
<BR>[Address Reference Count : 1]<UL><LI> startup_ht32f1xxxx_01.o(RESET)
</UL>
<P><STRONG><a name="[36]"></a>UART0_IRQHandler</STRONG> (Thumb, 0 bytes, Stack size 0 bytes, startup_ht32f1xxxx_01.o(RESET))
<BR>[Address Reference Count : 1]<UL><LI> startup_ht32f1xxxx_01.o(RESET)
</UL>
<P><STRONG><a name="[37]"></a>UART1_IRQHandler</STRONG> (Thumb, 0 bytes, Stack size 0 bytes, startup_ht32f1xxxx_01.o(RESET))
<BR>[Address Reference Count : 1]<UL><LI> startup_ht32f1xxxx_01.o(RESET)
</UL>
<P><STRONG><a name="[34]"></a>USART0_IRQHandler</STRONG> (Thumb, 0 bytes, Stack size 0 bytes, startup_ht32f1xxxx_01.o(RESET))
<BR>[Address Reference Count : 1]<UL><LI> startup_ht32f1xxxx_01.o(RESET)
</UL>
<P><STRONG><a name="[35]"></a>USART1_IRQHandler</STRONG> (Thumb, 0 bytes, Stack size 0 bytes, startup_ht32f1xxxx_01.o(RESET))
<BR>[Address Reference Count : 1]<UL><LI> startup_ht32f1xxxx_01.o(RESET)
</UL>
<P><STRONG><a name="[3a]"></a>USB_IRQHandler</STRONG> (Thumb, 0 bytes, Stack size 0 bytes, startup_ht32f1xxxx_01.o(RESET))
<BR>[Address Reference Count : 1]<UL><LI> startup_ht32f1xxxx_01.o(RESET)
</UL>
<P><STRONG><a name="[d]"></a>WDT_IRQHandler</STRONG> (Thumb, 0 bytes, Stack size 0 bytes, startup_ht32f1xxxx_01.o(RESET))
<BR>[Address Reference Count : 1]<UL><LI> startup_ht32f1xxxx_01.o(RESET)
</UL>
<P><STRONG><a name="[45]"></a>__main</STRONG> (Thumb, 0 bytes, Stack size unknown bytes, entry.o(.ARM.Collect$$$$00000000))
<BR>[Address Reference Count : 1]<UL><LI> startup_ht32f1xxxx_01.o(RESET)
</UL>
<P><STRONG><a name="[5a]"></a>_main_stk</STRONG> (Thumb, 0 bytes, Stack size unknown bytes, entry2.o(.ARM.Collect$$$$00000001))

<P><STRONG><a name="[4f]"></a>_main_scatterload</STRONG> (Thumb, 0 bytes, Stack size unknown bytes, entry5.o(.ARM.Collect$$$$00000004))
<BR><BR>[Calls]<UL><LI><a href="#[50]">&gt;&gt;</a>&nbsp;&nbsp;&nbsp;__scatterload
</UL>

<P><STRONG><a name="[51]"></a>__main_after_scatterload</STRONG> (Thumb, 0 bytes, Stack size unknown bytes, entry5.o(.ARM.Collect$$$$00000004))
<BR><BR>[Called By]<UL><LI><a href="#[50]">&gt;&gt;</a>&nbsp;&nbsp;&nbsp;__scatterload
</UL>

<P><STRONG><a name="[5b]"></a>_main_clock</STRONG> (Thumb, 0 bytes, Stack size unknown bytes, entry7b.o(.ARM.Collect$$$$00000008))

<P><STRONG><a name="[5c]"></a>_main_cpp_init</STRONG> (Thumb, 0 bytes, Stack size unknown bytes, entry8b.o(.ARM.Collect$$$$0000000A))

<P><STRONG><a name="[5d]"></a>_main_init</STRONG> (Thumb, 0 bytes, Stack size unknown bytes, entry9a.o(.ARM.Collect$$$$0000000B))

<P><STRONG><a name="[5e]"></a>__rt_final_cpp</STRONG> (Thumb, 0 bytes, Stack size unknown bytes, entry10a.o(.ARM.Collect$$$$0000000D))

<P><STRONG><a name="[5f]"></a>__rt_final_exit</STRONG> (Thumb, 0 bytes, Stack size unknown bytes, entry11a.o(.ARM.Collect$$$$0000000F))

<P><STRONG><a name="[50]"></a>__scatterload</STRONG> (Thumb, 28 bytes, Stack size 0 bytes, init.o(.text))
<BR><BR>[Calls]<UL><LI><a href="#[51]">&gt;&gt;</a>&nbsp;&nbsp;&nbsp;__main_after_scatterload
</UL>
<BR>[Called By]<UL><LI><a href="#[4f]">&gt;&gt;</a>&nbsp;&nbsp;&nbsp;_main_scatterload
</UL>

<P><STRONG><a name="[60]"></a>__scatterload_rt2</STRONG> (Thumb, 0 bytes, Stack size 0 bytes, init.o(.text), UNUSED)

<P><STRONG><a name="[54]"></a>AFIO_GPxConfig</STRONG> (Thumb, 94 bytes, Stack size 32 bytes, ht32f1xxxx_gpio.o(i.AFIO_GPxConfig))
<BR><BR>[Stack]<UL><LI>Max Depth = 32<LI>Call Chain = AFIO_GPxConfig
</UL>
<BR>[Called By]<UL><LI><a href="#[46]">&gt;&gt;</a>&nbsp;&nbsp;&nbsp;main
</UL>

<P><STRONG><a name="[4]"></a>BusFault_Handler</STRONG> (Thumb, 2 bytes, Stack size 0 bytes, ht32f1xxxx_01_it.o(i.BusFault_Handler))
<BR><BR>[Calls]<UL><LI><a href="#[4]">&gt;&gt;</a>&nbsp;&nbsp;&nbsp;BusFault_Handler
</UL>
<BR>[Called By]<UL><LI><a href="#[4]">&gt;&gt;</a>&nbsp;&nbsp;&nbsp;BusFault_Handler
</UL>
<BR>[Address Reference Count : 1]<UL><LI> startup_ht32f1xxxx_01.o(RESET)
</UL>
<P><STRONG><a name="[52]"></a>CKCU_PeripClockConfig</STRONG> (Thumb, 32 bytes, Stack size 20 bytes, ht32f1xxxx_ckcu.o(i.CKCU_PeripClockConfig))
<BR><BR>[Stack]<UL><LI>Max Depth = 20<LI>Call Chain = CKCU_PeripClockConfig
</UL>
<BR>[Called By]<UL><LI><a href="#[46]">&gt;&gt;</a>&nbsp;&nbsp;&nbsp;main
</UL>

<P><STRONG><a name="[7]"></a>DebugMon_Handler</STRONG> (Thumb, 2 bytes, Stack size 0 bytes, ht32f1xxxx_01_it.o(i.DebugMon_Handler))
<BR>[Address Reference Count : 1]<UL><LI> startup_ht32f1xxxx_01.o(RESET)
</UL>
<P><STRONG><a name="[59]"></a>Delay</STRONG> (Thumb, 24 bytes, Stack size 0 bytes, main.o(i.Delay))
<BR><BR>[Called By]<UL><LI><a href="#[46]">&gt;&gt;</a>&nbsp;&nbsp;&nbsp;main
</UL>

<P><STRONG><a name="[55]"></a>GPIO_DirectionConfig</STRONG> (Thumb, 16 bytes, Stack size 0 bytes, ht32f1xxxx_gpio.o(i.GPIO_DirectionConfig))
<BR><BR>[Called By]<UL><LI><a href="#[46]">&gt;&gt;</a>&nbsp;&nbsp;&nbsp;main
</UL>

<P><STRONG><a name="[57]"></a>GPIO_InputConfig</STRONG> (Thumb, 16 bytes, Stack size 0 bytes, ht32f1xxxx_gpio.o(i.GPIO_InputConfig))
<BR><BR>[Called By]<UL><LI><a href="#[46]">&gt;&gt;</a>&nbsp;&nbsp;&nbsp;main
</UL>

<P><STRONG><a name="[56]"></a>GPIO_PullResistorConfig</STRONG> (Thumb, 40 bytes, Stack size 0 bytes, ht32f1xxxx_gpio.o(i.GPIO_PullResistorConfig))
<BR><BR>[Called By]<UL><LI><a href="#[46]">&gt;&gt;</a>&nbsp;&nbsp;&nbsp;main
</UL>

<P><STRONG><a name="[58]"></a>GPIO_WriteOutBits</STRONG> (Thumb, 10 bytes, Stack size 0 bytes, ht32f1xxxx_gpio.o(i.GPIO_WriteOutBits))
<BR><BR>[Called By]<UL><LI><a href="#[46]">&gt;&gt;</a>&nbsp;&nbsp;&nbsp;main
</UL>

<P><STRONG><a name="[2]"></a>HardFault_Handler</STRONG> (Thumb, 10 bytes, Stack size 0 bytes, ht32f1xxxx_01_it.o(i.HardFault_Handler))
<BR>[Address Reference Count : 1]<UL><LI> startup_ht32f1xxxx_01.o(RESET)
</UL>
<P><STRONG><a name="[3]"></a>MemManage_Handler</STRONG> (Thumb, 2 bytes, Stack size 0 bytes, ht32f1xxxx_01_it.o(i.MemManage_Handler))
<BR><BR>[Calls]<UL><LI><a href="#[3]">&gt;&gt;</a>&nbsp;&nbsp;&nbsp;MemManage_Handler
</UL>
<BR>[Called By]<UL><LI><a href="#[3]">&gt;&gt;</a>&nbsp;&nbsp;&nbsp;MemManage_Handler
</UL>
<BR>[Address Reference Count : 1]<UL><LI> startup_ht32f1xxxx_01.o(RESET)
</UL>
<P><STRONG><a name="[1]"></a>NMI_Handler</STRONG> (Thumb, 2 bytes, Stack size 0 bytes, ht32f1xxxx_01_it.o(i.NMI_Handler))
<BR>[Address Reference Count : 1]<UL><LI> startup_ht32f1xxxx_01.o(RESET)
</UL>
<P><STRONG><a name="[53]"></a>PWRCU_CheckReadyAccessed</STRONG> (Thumb, 60 bytes, Stack size 0 bytes, ht32f1xxxx_pwrcu.o(i.PWRCU_CheckReadyAccessed))
<BR><BR>[Called By]<UL><LI><a href="#[46]">&gt;&gt;</a>&nbsp;&nbsp;&nbsp;main
</UL>

<P><STRONG><a name="[8]"></a>PendSV_Handler</STRONG> (Thumb, 2 bytes, Stack size 0 bytes, ht32f1xxxx_01_it.o(i.PendSV_Handler))
<BR>[Address Reference Count : 1]<UL><LI> startup_ht32f1xxxx_01.o(RESET)
</UL>
<P><STRONG><a name="[6]"></a>SVC_Handler</STRONG> (Thumb, 2 bytes, Stack size 0 bytes, ht32f1xxxx_01_it.o(i.SVC_Handler))
<BR>[Address Reference Count : 1]<UL><LI> startup_ht32f1xxxx_01.o(RESET)
</UL>
<P><STRONG><a name="[9]"></a>SysTick_Handler</STRONG> (Thumb, 2 bytes, Stack size 0 bytes, ht32f1xxxx_01_it.o(i.SysTick_Handler))
<BR>[Address Reference Count : 1]<UL><LI> startup_ht32f1xxxx_01.o(RESET)
</UL>
<P><STRONG><a name="[44]"></a>SystemInit</STRONG> (Thumb, 174 bytes, Stack size 16 bytes, system_ht32f1xxxx_01.o(i.SystemInit))
<BR><BR>[Stack]<UL><LI>Max Depth = 16<LI>Call Chain = SystemInit
</UL>
<BR>[Address Reference Count : 1]<UL><LI> startup_ht32f1xxxx_01.o(RESET)
</UL>
<P><STRONG><a name="[5]"></a>UsageFault_Handler</STRONG> (Thumb, 2 bytes, Stack size 0 bytes, ht32f1xxxx_01_it.o(i.UsageFault_Handler))
<BR><BR>[Calls]<UL><LI><a href="#[5]">&gt;&gt;</a>&nbsp;&nbsp;&nbsp;UsageFault_Handler
</UL>
<BR>[Called By]<UL><LI><a href="#[5]">&gt;&gt;</a>&nbsp;&nbsp;&nbsp;UsageFault_Handler
</UL>
<BR>[Address Reference Count : 1]<UL><LI> startup_ht32f1xxxx_01.o(RESET)
</UL>
<P><STRONG><a name="[61]"></a>__scatterload_copy</STRONG> (Thumb, 14 bytes, Stack size unknown bytes, handlers.o(i.__scatterload_copy), UNUSED)

<P><STRONG><a name="[62]"></a>__scatterload_null</STRONG> (Thumb, 2 bytes, Stack size unknown bytes, handlers.o(i.__scatterload_null), UNUSED)

<P><STRONG><a name="[63]"></a>__scatterload_zeroinit</STRONG> (Thumb, 14 bytes, Stack size unknown bytes, handlers.o(i.__scatterload_zeroinit), UNUSED)

<P><STRONG><a name="[46]"></a>main</STRONG> (Thumb, 270 bytes, Stack size 0 bytes, main.o(i.main))
<BR><BR>[Stack]<UL><LI>Max Depth = 32<LI>Call Chain = main &rArr; AFIO_GPxConfig
</UL>
<BR>[Calls]<UL><LI><a href="#[53]">&gt;&gt;</a>&nbsp;&nbsp;&nbsp;PWRCU_CheckReadyAccessed
<LI><a href="#[58]">&gt;&gt;</a>&nbsp;&nbsp;&nbsp;GPIO_WriteOutBits
<LI><a href="#[56]">&gt;&gt;</a>&nbsp;&nbsp;&nbsp;GPIO_PullResistorConfig
<LI><a href="#[57]">&gt;&gt;</a>&nbsp;&nbsp;&nbsp;GPIO_InputConfig
<LI><a href="#[55]">&gt;&gt;</a>&nbsp;&nbsp;&nbsp;GPIO_DirectionConfig
<LI><a href="#[52]">&gt;&gt;</a>&nbsp;&nbsp;&nbsp;CKCU_PeripClockConfig
<LI><a href="#[54]">&gt;&gt;</a>&nbsp;&nbsp;&nbsp;AFIO_GPxConfig
<LI><a href="#[59]">&gt;&gt;</a>&nbsp;&nbsp;&nbsp;Delay
</UL>
<BR>[Address Reference Count : 1]<UL><LI> entry9a.o(.ARM.Collect$$$$0000000B)
</UL><P>
<H3>
Local Symbols
</H3><P>
<H3>
Undefined Global Symbols
</H3><HR></body></html>
