<html>
<body>
<pre>
<h1>礦ision Build Log</h1>
<h2>Tool Versions:</h2>
IDE-Version: μVision V5.24.2.0
Copyright (C) 2017 ARM Ltd and ARM Germany GmbH. All rights reserved.
License Information: du1 1, 1, LIC=5852Z-JKEAW-LCSJF-6TJZT-YSS44-VJYSX
 
Tool Versions:
Toolchain:       MDK-ARM Plus  Version: 5.24.1
Toolchain Path:  D:\HightSoft\stm32_soft\keil\ARM\ARMCC\Bin
C Compiler:      Armcc.exe V5.06 update 5 (build 528)
Assembler:       Armasm.exe V5.06 update 5 (build 528)
Linker/Locator:  ArmLink.exe V5.06 update 5 (build 528)
Library Manager: ArmAr.exe V5.06 update 5 (build 528)
Hex Converter:   FromElf.exe V5.06 update 5 (build 528)
CPU DLL:         SARMCM3.DLL V5.24.1
Dialog DLL:      DCM.DLL V1.16.0.0
Target DLL:      CMSIS_AGDI.dll V1.28.3.0
Dialog DLL:      TCM.DLL V1.32.0.0
 
<h2>Project:</h2>
G:\空余资料\HT开发板\资料\HT32F1656\HT32_STD_1xxxx_FWLib_v002_1406\project_template\IP\Example\MDK_ARM\Project_1656.uvprojx
Project File Date:  03/28/2019

<h2>Output:</h2>
*** Using Compiler 'V5.06 update 5 (build 528)', folder: 'D:\HightSoft\stm32_soft\keil\ARM\ARMCC\Bin'
Build target 'HT32'
compiling main.c...
..\main.c(135): warning:  #188-D: enumerated type mixed with another type
   GPIO_WriteOutBits(
TCFG_LED0, 
TCFG_OUTPUT_LED0_GPIO_PIN, 0);
..\main.c(150): warning:  #188-D: enumerated type mixed with another type
  		GPIO_WriteOutBits(
TCFG_LED0, 
TCFG_OUTPUT_LED0_GPIO_PIN, 0);
..\main.c(152): warning:  #188-D: enumerated type mixed with another type
  		GPIO_WriteOutBits(
TCFG_LED0, 
TCFG_OUTPUT_LED0_GPIO_PIN, 1);
..\main.c(83): warning:  #177-D: variable "TmpStatus"  was declared but never referenced
    FlagStatus TmpStatus = RESET;
..\main.c: 4 warnings, 0 errors
linking...
Program Size: Code=1304 RO-data=32 RW-data=4 ZI-data=516  
FromELF: creating hex file...
After Build - User command #1: fromelf --bin -o G:\空余资料\HT开发板\资料\HT32F1656\HT32_STD_1xxxx_FWLib_v002_1406\project_template\IP\Example\MDK_ARM\HT32\1656\Obj\HT32.axf.bin G:\空余资料\HT开发板\资料\HT32F1656\HT32_STD_1xxxx_FWLib_v002_1406\project_template\IP\Example\MDK_ARM\HT32\1656\Obj\HT32.axf
".\HT32\1656\Obj\HT32.axf" - 0 Error(s), 4 Warning(s).

<h2>Software Packages used:</h2>

Package Vendor: ARM
                http://www.keil.com/pack/ARM.CMSIS.5.4.0.pack
                ARM.CMSIS.5.4.0
                CMSIS (Cortex Microcontroller Software Interface Standard)
   * Component: CORE Version: 5.1.2

Package Vendor: Holtek
                http://mcu.holtek.com.tw/pack/Holtek.HT32_DFP.1.0.16.pack
                Holtek.HT32_DFP.1.0.16
                Holtek HT32 Family Support

<h2>Collection of Component include folders:</h2>
  .\RTE\_HT32
  D:\HightSoft\stm32_soft\keil\ARM\PACK\ARM\CMSIS\5.4.0\CMSIS\Core\Include
  D:\HightSoft\stm32_soft\keil\ARM\PACK\Holtek\HT32_DFP\1.0.16\ARM\INC\Holtek\HT32F1xxxx

<h2>Collection of Component Files used:</h2>

   * Component: ARM::CMSIS:CORE:5.1.2
Build Time Elapsed:  00:00:02
</pre>
</body>
</html>
