Component: ARM Compiler 5.06 update 5 (build 528) Tool: armlink [4d35e2]

==============================================================================

Section Cross References

    main.o(i.main) refers to ht32f1xxxx_ckcu.o(i.CKCU_PeripClockConfig) for CKCU_PeripClockConfig
    main.o(i.main) refers to ht32f1xxxx_pwrcu.o(i.PWRCU_CheckReadyAccessed) for PWRCU_CheckReadyAccessed
    main.o(i.main) refers to ht32f1xxxx_gpio.o(i.AFIO_GPxConfig) for AFIO_GPxConfig
    main.o(i.main) refers to ht32f1xxxx_gpio.o(i.GPIO_DirectionConfig) for GPIO_DirectionConfig
    main.o(i.main) refers to ht32f1xxxx_gpio.o(i.GPIO_PullResistorConfig) for GPIO_PullResistorConfig
    main.o(i.main) refers to ht32f1xxxx_gpio.o(i.GPIO_InputConfig) for GPIO_InputConfig
    main.o(i.main) refers to ht32f1xxxx_gpio.o(i.GPIO_WriteOutBits) for GPIO_WriteOutBits
    main.o(i.main) refers to main.o(i.Delay) for Delay
    ht32f1xxxx_01_it.o(i.HardFault_Handler) refers to ht32f1xxxx_01_it.o(.data) for .data
    system_ht32f1xxxx_01.o(i.SystemCoreClockUpdate) refers to system_ht32f1xxxx_01.o(.data) for .data
    startup_ht32f1xxxx_01.o(RESET) refers to startup_ht32f1xxxx_01.o(STACK) for __initial_sp
    startup_ht32f1xxxx_01.o(RESET) refers to ht32f1xxxx_01_it.o(i.NMI_Handler) for NMI_Handler
    startup_ht32f1xxxx_01.o(RESET) refers to ht32f1xxxx_01_it.o(i.HardFault_Handler) for HardFault_Handler
    startup_ht32f1xxxx_01.o(RESET) refers to ht32f1xxxx_01_it.o(i.MemManage_Handler) for MemManage_Handler
    startup_ht32f1xxxx_01.o(RESET) refers to ht32f1xxxx_01_it.o(i.BusFault_Handler) for BusFault_Handler
    startup_ht32f1xxxx_01.o(RESET) refers to ht32f1xxxx_01_it.o(i.UsageFault_Handler) for UsageFault_Handler
    startup_ht32f1xxxx_01.o(RESET) refers to ht32f1xxxx_01_it.o(i.SVC_Handler) for SVC_Handler
    startup_ht32f1xxxx_01.o(RESET) refers to ht32f1xxxx_01_it.o(i.DebugMon_Handler) for DebugMon_Handler
    startup_ht32f1xxxx_01.o(RESET) refers to ht32f1xxxx_01_it.o(i.PendSV_Handler) for PendSV_Handler
    startup_ht32f1xxxx_01.o(RESET) refers to ht32f1xxxx_01_it.o(i.SysTick_Handler) for SysTick_Handler
    startup_ht32f1xxxx_01.o(RESET) refers to system_ht32f1xxxx_01.o(i.SystemInit) for SystemInit
    startup_ht32f1xxxx_01.o(RESET) refers to entry.o(.ARM.Collect$$$$00000000) for __main
    ht32_usbd_core.o(i.USBDCore_GetStatus) refers to ht32_usbd_core.o(.data) for .data
    ht32_usbd_core.o(i.USBDCore_IRQHandler) refers to ht32f1xxxx_usbd.o(i.USBD_GetINT) for USBD_GetINT
    ht32_usbd_core.o(i.USBDCore_IRQHandler) refers to ht32f1xxxx_usbd.o(i.USBD_ClearINT) for USBD_ClearINT
    ht32_usbd_core.o(i.USBDCore_IRQHandler) refers to ht32f1xxxx_usbd.o(i.USBD_PowerOff) for USBD_PowerOff
    ht32_usbd_core.o(i.USBDCore_IRQHandler) refers to ht32f1xxxx_usbd.o(i.USBD_DeInit) for USBD_DeInit
    ht32_usbd_core.o(i.USBDCore_IRQHandler) refers to ht32f1xxxx_usbd.o(i.USBD_PowerOn) for USBD_PowerOn
    ht32_usbd_core.o(i.USBDCore_IRQHandler) refers to ht32f1xxxx_usbd.o(i.USBD_EPTInit) for USBD_EPTInit
    ht32_usbd_core.o(i.USBDCore_IRQHandler) refers to ht32f1xxxx_usbd.o(i.USBD_EnableINT) for USBD_EnableINT
    ht32_usbd_core.o(i.USBDCore_IRQHandler) refers to ht32f1xxxx_usbd.o(i.USBD_EPTGetINT) for USBD_EPTGetINT
    ht32_usbd_core.o(i.USBDCore_IRQHandler) refers to ht32f1xxxx_usbd.o(i.USBD_ReadSETUPData) for USBD_ReadSETUPData
    ht32_usbd_core.o(i.USBDCore_IRQHandler) refers to ht32_usbd_core.o(i._USBDCore_Setup) for _USBDCore_Setup
    ht32_usbd_core.o(i.USBDCore_IRQHandler) refers to ht32f1xxxx_usbd.o(i.USBD_EPTClearINT) for USBD_EPTClearINT
    ht32_usbd_core.o(i.USBDCore_IRQHandler) refers to ht32_usbd_core.o(i._USBDCore_ControlIN) for _USBDCore_ControlIN
    ht32_usbd_core.o(i.USBDCore_IRQHandler) refers to ht32f1xxxx_usbd.o(i.USBD_EPTReadOUTData) for USBD_EPTReadOUTData
    ht32_usbd_core.o(i.USBDCore_IRQHandler) refers to ht32f1xxxx_usbd.o(i.USBD_GetEPTnINTNumber) for USBD_GetEPTnINTNumber
    ht32_usbd_core.o(i.USBDCore_Init) refers to ht32f1xxxx_usbd.o(i.USBD_Init) for USBD_Init
    ht32_usbd_core.o(i.USBDCore_Init) refers to ht32_usbd_core.o(.data) for .data
    ht32_usbd_core.o(i.USBDCore_MainRoutine) refers to ht32f1xxxx_usbd.o(i.USBD_PowerUp) for USBD_PowerUp
    ht32_usbd_core.o(i.USBDCore_TriggerRemoteWakeup) refers to ht32f1xxxx_usbd.o(i.USBD_PowerOn) for USBD_PowerOn
    ht32_usbd_core.o(i.USBDCore_TriggerRemoteWakeup) refers to ht32f1xxxx_usbd.o(i.USBD_RemoteWakeup) for USBD_RemoteWakeup
    ht32_usbd_core.o(i._USBDCore_ControlIN) refers to ht32f1xxxx_usbd.o(i.USBD_EPTGetBufferLen) for USBD_EPTGetBufferLen
    ht32_usbd_core.o(i._USBDCore_ControlIN) refers to ht32f1xxxx_usbd.o(i.USBD_EPTWriteINData) for USBD_EPTWriteINData
    ht32_usbd_core.o(i._USBDCore_Setup) refers to ht32_usbd_core.o(i._USBDCore_Standard_Request) for _USBDCore_Standard_Request
    ht32_usbd_core.o(i._USBDCore_Setup) refers to ht32f1xxxx_usbd.o(i.USBD_EPTSendSTALL) for USBD_EPTSendSTALL
[...]
    ht32f1xxxx_usbd.o(i.USBD_EPTWriteINData) refers to ht32f1xxxx_usbd.o(i._USBD_GetEPTnAddr) for _USBD_GetEPTnAddr
    ht32f1xxxx_usbd.o(i.USBD_EPTWriteINData) refers to ht32f1xxxx_usbd.o(i.USBD_EPTGetTransferCount) for USBD_EPTGetTransferCount
    ht32f1xxxx_usbd.o(i.USBD_EPTWriteINData) refers to ht32f1xxxx_usbd.o(i.USBD_EPTGetBuffer0Addr) for USBD_EPTGetBuffer0Addr
    ht32f1xxxx_usbd.o(i.USBD_EPTWriteINData) refers to ht32f1xxxx_usbd.o(i._USBD_CopyMemory) for _USBD_CopyMemory
    ht32f1xxxx_usbd.o(i.USBD_Init) refers to ht32f1xxxx_usbd.o(i.USBD_PreInit) for USBD_PreInit
    ht32f1xxxx_usbd.o(i.USBD_PowerUp) refers to ht32f1xxxx_usbd.o(i.USBD_EnableINT) for USBD_EnableINT
    ht32f1xxxx_usbd.o(i.USBD_PowerUp) refers to ht32f1xxxx_usbd.o(i.USBD_DPWakeUpCmd) for USBD_DPWakeUpCmd
    ht32f1xxxx_usbd.o(i.USBD_PowerUp) refers to ht32f1xxxx_usbd.o(i.USBD_DPpullupCmd) for USBD_DPpullupCmd
    ht32f1xxxx_usbd.o(i.USBD_PowerUp) refers to ht32f1xxxx_usbd.o(.data) for .data
    ht32f1xxxx_wdt.o(i.WDT_DeInit) refers to ht32f1xxxx_rstcu.o(i.RSTCU_PeripReset) for RSTCU_PeripReset
    ht32_retarget.o(i.RETARGET_Configuration) refers to ht32_board.o(i.HT32F_DVB_COMInit) for HT32F_DVB_COMInit
    ht32_retarget.o(i._ttywrch) refers to ht32_serial.o(i.SERIAL_PutChar) for SERIAL_PutChar
    ht32_retarget.o(i.fgetc) refers to ht32_serial.o(i.SERIAL_GetChar) for SERIAL_GetChar
    ht32_retarget.o(i.fputc) refers to ht32_serial.o(i.SERIAL_PutChar) for SERIAL_PutChar
    ht32_serial.o(i.SERIAL_GetChar) refers to ht32f1xxxx_usart.o(i.USART_GetFlagStatus) for USART_GetFlagStatus
    ht32_serial.o(i.SERIAL_GetChar) refers to ht32f1xxxx_usart.o(i.USART_ReceiveData) for USART_ReceiveData
    ht32_serial.o(i.SERIAL_PutChar) refers to ht32f1xxxx_usart.o(i.USART_SendData) for USART_SendData
    ht32_serial.o(i.SERIAL_PutChar) refers to ht32f1xxxx_usart.o(i.USART_GetFlagStatus) for USART_GetFlagStatus
    ht32_board.o(i.HT32F_DVB_BuzzerFun) refers to ht32f1xxxx_ckcu.o(i.CKCU_GetClocksFrequency) for CKCU_GetClocksFrequency
    ht32_board.o(i.HT32F_DVB_BuzzerFun) refers to ht32f1xxxx_tm.o(i.TM_UpdateCmd) for TM_UpdateCmd
    ht32_board.o(i.HT32F_DVB_BuzzerFun) refers to ht32f1xxxx_tm.o(i.TM_DeInit) for TM_DeInit
    ht32_board.o(i.HT32F_DVB_BuzzerFun) refers to ht32f1xxxx_ckcu.o(i.CKCU_PeripClockConfig) for CKCU_PeripClockConfig
    ht32_board.o(i.HT32F_DVB_BuzzerFun) refers to ht32f1xxxx_gpio.o(i.AFIO_GPxConfig) for AFIO_GPxConfig
    ht32_board.o(i.HT32F_DVB_BuzzerFun) refers to ht32f1xxxx_gpio.o(i.GPIO_DriveConfig) for GPIO_DriveConfig
    ht32_board.o(i.HT32F_DVB_BuzzerFun) refers to ht32f1xxxx_tm.o(i.TM_TimeBaseStructInit) for TM_TimeBaseStructInit
    ht32_board.o(i.HT32F_DVB_BuzzerFun) refers to ht32f1xxxx_tm.o(i.TM_TimeBaseInit) for TM_TimeBaseInit
    ht32_board.o(i.HT32F_DVB_BuzzerFun) refers to ht32f1xxxx_tm.o(i.TM_ClearFlag) for TM_ClearFlag
    ht32_board.o(i.HT32F_DVB_BuzzerFun) refers to ht32f1xxxx_tm.o(i.TM_OutputStructInit) for TM_OutputStructInit
    ht32_board.o(i.HT32F_DVB_BuzzerFun) refers to ht32f1xxxx_tm.o(i.TM_OutputInit) for TM_OutputInit
    ht32_board.o(i.HT32F_DVB_BuzzerFun) refers to ht32f1xxxx_tm.o(i.TM_CHCCRPreloadConfig) for TM_CHCCRPreloadConfig
    ht32_board.o(i.HT32F_DVB_BuzzerFun) refers to ht32f1xxxx_tm.o(i.TM_CRRPreloadCmd) for TM_CRRPreloadCmd
    ht32_board.o(i.HT32F_DVB_BuzzerFun) refers to ht32f1xxxx_mctm.o(i.MCTM_CHMOECmd) for MCTM_CHMOECmd
    ht32_board.o(i.HT32F_DVB_BuzzerFun) refers to ht32f1xxxx_tm.o(i.TM_Cmd) for TM_Cmd
    ht32_board.o(i.HT32F_DVB_BuzzerOutputCmd) refers to ht32f1xxxx_tm.o(i.TM_ChannelConfig) for TM_ChannelConfig
    ht32_board.o(i.HT32F_DVB_COMInit) refers to ht32f1xxxx_ckcu.o(i.CKCU_PeripClockConfig) for CKCU_PeripClockConfig
    ht32_board.o(i.HT32F_DVB_COMInit) refers to ht32f1xxxx_gpio.o(i.AFIO_GPxConfig) for AFIO_GPxConfig
    ht32_board.o(i.HT32F_DVB_COMInit) refers to ht32f1xxxx_usart.o(i.USART_Init) for USART_Init
    ht32_board.o(i.HT32F_DVB_COMInit) refers to ht32f1xxxx_usart.o(i.USART_TxRxCmd) for USART_TxRxCmd
    ht32_board.o(i.HT32F_DVB_COMInit) refers to ht32_board.o(.constdata) for .constdata
    ht32_board.o(i.HT32F_DVB_LEDInit) refers to ht32_board.o(i._HT32F_DVB_ClockConfig) for _HT32F_DVB_ClockConfig
    ht32_board.o(i.HT32F_DVB_LEDInit) refers to ht32f1xxxx_gpio.o(i.AFIO_GPxConfig) for AFIO_GPxConfig
    ht32_board.o(i.HT32F_DVB_LEDInit) refers to ht32_board.o(i.HT32F_DVB_LEDOff) for HT32F_DVB_LEDOff
    ht32_board.o(i.HT32F_DVB_LEDInit) refers to ht32f1xxxx_gpio.o(i.GPIO_PullResistorConfig) for GPIO_PullResistorConfig
    ht32_board.o(i.HT32F_DVB_LEDInit) refers to ht32f1xxxx_gpio.o(i.GPIO_DriveConfig) for GPIO_DriveConfig
    ht32_board.o(i.HT32F_DVB_LEDInit) refers to ht32f1xxxx_gpio.o(i.GPIO_DirectionConfig) for GPIO_DirectionConfig
    ht32_board.o(i.HT32F_DVB_LEDInit) refers to ht32_board.o(.constdata) for .constdata
    ht32_board.o(i.HT32F_DVB_LEDOff) refers to ht32_board.o(.constdata) for .constdata
    ht32_board.o(i.HT32F_DVB_LEDOn) refers to ht32_board.o(.constdata) for .constdata
    ht32_board.o(i.HT32F_DVB_LEDToggle) refers to ht32_board.o(.constdata) for .constdata
    ht32_board.o(i.HT32F_DVB_PBGetState) refers to ht32f1xxxx_gpio.o(i.GPIO_ReadInBit) for GPIO_ReadInBit
    ht32_board.o(i.HT32F_DVB_PBGetState) refers to ht32_board.o(.constdata) for .constdata
    ht32_board.o(i.HT32F_DVB_PBInit) refers to ht32_board.o(i._HT32F_DVB_ClockConfig) for _HT32F_DVB_ClockConfig
    ht32_board.o(i.HT32F_DVB_PBInit) refers to ht32f1xxxx_gpio.o(i.AFIO_GPxConfig) for AFIO_GPxConfig
    ht32_board.o(i.HT32F_DVB_PBInit) refers to ht32f1xxxx_gpio.o(i.GPIO_PullResistorConfig) for GPIO_PullResistorConfig
    ht32_board.o(i.HT32F_DVB_PBInit) refers to ht32f1xxxx_gpio.o(i.GPIO_DirectionConfig) for GPIO_DirectionConfig
    ht32_board.o(i.HT32F_DVB_PBInit) refers to ht32f1xxxx_gpio.o(i.GPIO_InputConfig) for GPIO_InputConfig
    ht32_board.o(i.HT32F_DVB_PBInit) refers to ht32f1xxxx_ckcu.o(i.CKCU_PeripClockConfig) for CKCU_PeripClockConfig
    ht32_board.o(i.HT32F_DVB_PBInit) refers to ht32f1xxxx_gpio.o(i.AFIO_EXTISourceConfig) for AFIO_EXTISourceConfig
    ht32_board.o(i.HT32F_DVB_PBInit) refers to ht32f1xxxx_exti.o(i.EXTI_Init) for EXTI_Init
    ht32_board.o(i.HT32F_DVB_PBInit) refers to ht32f1xxxx_exti.o(i.EXTI_IntConfig) for EXTI_IntConfig
    ht32_board.o(i.HT32F_DVB_PBInit) refers to ht32_board.o(.constdata) for .constdata
    ht32_board.o(i._HT32F_DVB_ClockConfig) refers to ht32f1xxxx_ckcu.o(i.CKCU_PeripClockConfig) for CKCU_PeripClockConfig
    i2c_eeprom.o(i.I2C_EEPROM_BufferRead) refers to i2c_eeprom.o(i._I2C_EEPROM_AckPolling) for _I2C_EEPROM_AckPolling
    i2c_eeprom.o(i.I2C_EEPROM_BufferRead) refers to ht32f1xxxx_i2c.o(i.I2C_CheckStatus) for I2C_CheckStatus
    i2c_eeprom.o(i.I2C_EEPROM_BufferRead) refers to ht32f1xxxx_i2c.o(i.I2C_SendData) for I2C_SendData
    i2c_eeprom.o(i.I2C_EEPROM_BufferRead) refers to ht32f1xxxx_i2c.o(i.I2C_TargetAddressConfig) for I2C_TargetAddressConfig
    i2c_eeprom.o(i.I2C_EEPROM_BufferRead) refers to ht32f1xxxx_i2c.o(i.I2C_AckCmd) for I2C_AckCmd
    i2c_eeprom.o(i.I2C_EEPROM_BufferRead) refers to ht32f1xxxx_i2c.o(i.I2C_ReceiveData) for I2C_ReceiveData
    i2c_eeprom.o(i.I2C_EEPROM_BufferRead) refers to ht32f1xxxx_i2c.o(i.I2C_GenerateSTOP) for I2C_GenerateSTOP
    i2c_eeprom.o(i.I2C_EEPROM_BufferWrite) refers to i2c_eeprom.o(i.I2C_EEPROM_PageWrite) for I2C_EEPROM_PageWrite
    i2c_eeprom.o(i.I2C_EEPROM_Init) refers to ht32f1xxxx_ckcu.o(i.CKCU_PeripClockConfig) for CKCU_PeripClockConfig
    i2c_eeprom.o(i.I2C_EEPROM_Init) refers to ht32f1xxxx_gpio.o(i.AFIO_GPxConfig) for AFIO_GPxConfig
    i2c_eeprom.o(i.I2C_EEPROM_Init) refers to ht32f1xxxx_i2c.o(i.I2C_Init) for I2C_Init
    i2c_eeprom.o(i.I2C_EEPROM_PageWrite) refers to i2c_eeprom.o(i._I2C_EEPROM_AckPolling) for _I2C_EEPROM_AckPolling
    i2c_eeprom.o(i.I2C_EEPROM_PageWrite) refers to ht32f1xxxx_i2c.o(i.I2C_CheckStatus) for I2C_CheckStatus
    i2c_eeprom.o(i.I2C_EEPROM_PageWrite) refers to ht32f1xxxx_i2c.o(i.I2C_SendData) for I2C_SendData
    i2c_eeprom.o(i.I2C_EEPROM_PageWrite) refers to ht32f1xxxx_i2c.o(i.I2C_GenerateSTOP) for I2C_GenerateSTOP
    i2c_eeprom.o(i._I2C_EEPROM_AckPolling) refers to ht32f1xxxx_i2c.o(i.I2C_GetFlagStatus) for I2C_GetFlagStatus
    i2c_eeprom.o(i._I2C_EEPROM_AckPolling) refers to ht32f1xxxx_i2c.o(i.I2C_TargetAddressConfig) for I2C_TargetAddressConfig
    i2c_eeprom.o(i._I2C_EEPROM_AckPolling) refers to ht32f1xxxx_i2c.o(i.I2C_ClearFlag) for I2C_ClearFlag
    spi_flash.o(i.SPI_FLASH_BlockErase) refers to spi_flash.o(i.SPI_FLASH_WriteEnable) for SPI_FLASH_WriteEnable
    spi_flash.o(i.SPI_FLASH_BlockErase) refers to ht32f1xxxx_gpio.o(i.GPIO_ClearOutBits) for GPIO_ClearOutBits
    spi_flash.o(i.SPI_FLASH_BlockErase) refers to spi_flash.o(i.SPI_FLASH_SendByte) for SPI_FLASH_SendByte
    spi_flash.o(i.SPI_FLASH_BlockErase) refers to ht32f1xxxx_gpio.o(i.GPIO_SetOutBits) for GPIO_SetOutBits
    spi_flash.o(i.SPI_FLASH_BlockErase) refers to spi_flash.o(i.SPI_FLASH_WaitForWriteEnd) for SPI_FLASH_WaitForWriteEnd
    spi_flash.o(i.SPI_FLASH_BlockErase) refers to ht32_board.o(.constdata) for GPIO_PORT
    spi_flash.o(i.SPI_FLASH_BufferDualRead) refers to ht32f1xxxx_gpio.o(i.GPIO_ClearOutBits) for GPIO_ClearOutBits
    spi_flash.o(i.SPI_FLASH_BufferDualRead) refers to spi_flash.o(i.SPI_FLASH_SendByte) for SPI_FLASH_SendByte
    spi_flash.o(i.SPI_FLASH_BufferDualRead) refers to ht32f1xxxx_spi.o(i.SPI_DUALCmd) for SPI_DUALCmd
    spi_flash.o(i.SPI_FLASH_BufferDualRead) refers to ht32f1xxxx_gpio.o(i.GPIO_SetOutBits) for GPIO_SetOutBits
    spi_flash.o(i.SPI_FLASH_BufferDualRead) refers to ht32_board.o(.constdata) for GPIO_PORT
    spi_flash.o(i.SPI_FLASH_BufferDualReadByDMA) refers to ht32f1xxxx_ckcu.o(i.CKCU_PeripClockConfig) for CKCU_PeripClockConfig
    spi_flash.o(i.SPI_FLASH_BufferDualReadByDMA) refers to ht32f1xxxx_gpio.o(i.GPIO_ClearOutBits) for GPIO_ClearOutBits
    spi_flash.o(i.SPI_FLASH_BufferDualReadByDMA) refers to spi_flash.o(i.SPI_FLASH_SendByte) for SPI_FLASH_SendByte
    spi_flash.o(i.SPI_FLASH_BufferDualReadByDMA) refers to ht32f1xxxx_spi.o(i.SPI_DUALCmd) for SPI_DUALCmd
    spi_flash.o(i.SPI_FLASH_BufferDualReadByDMA) refers to ht32f1xxxx_pdma.o(i.PDMA_Config) for PDMA_Config
    spi_flash.o(i.SPI_FLASH_BufferDualReadByDMA) refers to ht32f1xxxx_pdma.o(i.PDMA_EnaCmd) for PDMA_EnaCmd
    spi_flash.o(i.SPI_FLASH_BufferDualReadByDMA) refers to ht32f1xxxx_spi.o(i.SPI_PDMACmd) for SPI_PDMACmd
    spi_flash.o(i.SPI_FLASH_BufferDualReadByDMA) refers to ht32f1xxxx_gpio.o(i.GPIO_SetOutBits) for GPIO_SetOutBits
    spi_flash.o(i.SPI_FLASH_BufferDualReadByDMA) refers to ht32_board.o(.constdata) for GPIO_PORT
    spi_flash.o(i.SPI_FLASH_BufferRead) refers to ht32f1xxxx_gpio.o(i.GPIO_ClearOutBits) for GPIO_ClearOutBits
    spi_flash.o(i.SPI_FLASH_BufferRead) refers to spi_flash.o(i.SPI_FLASH_SendByte) for SPI_FLASH_SendByte
    spi_flash.o(i.SPI_FLASH_BufferRead) refers to ht32f1xxxx_gpio.o(i.GPIO_SetOutBits) for GPIO_SetOutBits
    spi_flash.o(i.SPI_FLASH_BufferRead) refers to ht32_board.o(.constdata) for GPIO_PORT
    spi_flash.o(i.SPI_FLASH_BufferReadByDMA) refers to ht32f1xxxx_ckcu.o(i.CKCU_PeripClockConfig) for CKCU_PeripClockConfig
    spi_flash.o(i.SPI_FLASH_BufferReadByDMA) refers to ht32f1xxxx_gpio.o(i.GPIO_ClearOutBits) for GPIO_ClearOutBits
    spi_flash.o(i.SPI_FLASH_BufferReadByDMA) refers to spi_flash.o(i.SPI_FLASH_SendByte) for SPI_FLASH_SendByte
    spi_flash.o(i.SPI_FLASH_BufferReadByDMA) refers to ht32f1xxxx_pdma.o(i.PDMA_Config) for PDMA_Config
    spi_flash.o(i.SPI_FLASH_BufferReadByDMA) refers to ht32f1xxxx_pdma.o(i.PDMA_EnaCmd) for PDMA_EnaCmd
    spi_flash.o(i.SPI_FLASH_BufferReadByDMA) refers to ht32f1xxxx_spi.o(i.SPI_PDMACmd) for SPI_PDMACmd
    spi_flash.o(i.SPI_FLASH_BufferReadByDMA) refers to ht32f1xxxx_gpio.o(i.GPIO_SetOutBits) for GPIO_SetOutBits
    spi_flash.o(i.SPI_FLASH_BufferReadByDMA) refers to ht32_board.o(.constdata) for GPIO_PORT
    spi_flash.o(i.SPI_FLASH_ChipErase) refers to spi_flash.o(i.SPI_FLASH_WriteEnable) for SPI_FLASH_WriteEnable
    spi_flash.o(i.SPI_FLASH_ChipErase) refers to ht32f1xxxx_gpio.o(i.GPIO_ClearOutBits) for GPIO_ClearOutBits
    spi_flash.o(i.SPI_FLASH_ChipErase) refers to spi_flash.o(i.SPI_FLASH_SendByte) for SPI_FLASH_SendByte
    spi_flash.o(i.SPI_FLASH_ChipErase) refers to ht32f1xxxx_gpio.o(i.GPIO_SetOutBits) for GPIO_SetOutBits
    spi_flash.o(i.SPI_FLASH_ChipErase) refers to spi_flash.o(i.SPI_FLASH_WaitForWriteEnd) for SPI_FLASH_WaitForWriteEnd
    spi_flash.o(i.SPI_FLASH_ChipErase) refers to ht32_board.o(.constdata) for GPIO_PORT
    spi_flash.o(i.SPI_FLASH_Init) refers to ht32f1xxxx_ckcu.o(i.CKCU_PeripClockConfig) for CKCU_PeripClockConfig
    spi_flash.o(i.SPI_FLASH_Init) refers to ht32f1xxxx_gpio.o(i.GPIO_SetOutBits) for GPIO_SetOutBits
    spi_flash.o(i.SPI_FLASH_Init) refers to ht32f1xxxx_gpio.o(i.GPIO_DirectionConfig) for GPIO_DirectionConfig
    spi_flash.o(i.SPI_FLASH_Init) refers to ht32f1xxxx_gpio.o(i.AFIO_GPxConfig) for AFIO_GPxConfig
    spi_flash.o(i.SPI_FLASH_Init) refers to ht32f1xxxx_spi.o(i.SPI_Init) for SPI_Init
    spi_flash.o(i.SPI_FLASH_Init) refers to ht32f1xxxx_spi.o(i.SPI_SELOutputCmd) for SPI_SELOutputCmd
    spi_flash.o(i.SPI_FLASH_Init) refers to ht32f1xxxx_spi.o(i.SPI_Cmd) for SPI_Cmd
    spi_flash.o(i.SPI_FLASH_Init) refers to ht32_board.o(.constdata) for GPIO_PORT
    spi_flash.o(i.SPI_FLASH_PageWrite) refers to spi_flash.o(i.SPI_FLASH_WriteEnable) for SPI_FLASH_WriteEnable
    spi_flash.o(i.SPI_FLASH_PageWrite) refers to ht32f1xxxx_gpio.o(i.GPIO_ClearOutBits) for GPIO_ClearOutBits
    spi_flash.o(i.SPI_FLASH_PageWrite) refers to spi_flash.o(i.SPI_FLASH_SendByte) for SPI_FLASH_SendByte
    spi_flash.o(i.SPI_FLASH_PageWrite) refers to ht32f1xxxx_gpio.o(i.GPIO_SetOutBits) for GPIO_SetOutBits
    spi_flash.o(i.SPI_FLASH_PageWrite) refers to spi_flash.o(i.SPI_FLASH_WaitForWriteEnd) for SPI_FLASH_WaitForWriteEnd
    spi_flash.o(i.SPI_FLASH_PageWrite) refers to ht32_board.o(.constdata) for GPIO_PORT
    spi_flash.o(i.SPI_FLASH_PageWriteByDMA) refers to ht32f1xxxx_ckcu.o(i.CKCU_PeripClockConfig) for CKCU_PeripClockConfig
    spi_flash.o(i.SPI_FLASH_PageWriteByDMA) refers to spi_flash.o(i.SPI_FLASH_WriteEnable) for SPI_FLASH_WriteEnable
    spi_flash.o(i.SPI_FLASH_PageWriteByDMA) refers to ht32f1xxxx_gpio.o(i.GPIO_ClearOutBits) for GPIO_ClearOutBits
    spi_flash.o(i.SPI_FLASH_PageWriteByDMA) refers to spi_flash.o(i.SPI_FLASH_SendByte) for SPI_FLASH_SendByte
    spi_flash.o(i.SPI_FLASH_PageWriteByDMA) refers to ht32f1xxxx_pdma.o(i.PDMA_Config) for PDMA_Config
    spi_flash.o(i.SPI_FLASH_PageWriteByDMA) refers to ht32f1xxxx_pdma.o(i.PDMA_EnaCmd) for PDMA_EnaCmd
    spi_flash.o(i.SPI_FLASH_PageWriteByDMA) refers to ht32f1xxxx_spi.o(i.SPI_PDMACmd) for SPI_PDMACmd
    spi_flash.o(i.SPI_FLASH_PageWriteByDMA) refers to ht32f1xxxx_gpio.o(i.GPIO_SetOutBits) for GPIO_SetOutBits
    spi_flash.o(i.SPI_FLASH_PageWriteByDMA) refers to spi_flash.o(i.SPI_FLASH_WaitForWriteEnd) for SPI_FLASH_WaitForWriteEnd
    spi_flash.o(i.SPI_FLASH_PageWriteByDMA) refers to ht32_board.o(.constdata) for GPIO_PORT
    spi_flash.o(i.SPI_FLASH_ReadJEDECID) refers to ht32f1xxxx_gpio.o(i.GPIO_ClearOutBits) for GPIO_ClearOutBits
    spi_flash.o(i.SPI_FLASH_ReadJEDECID) refers to spi_flash.o(i.SPI_FLASH_SendByte) for SPI_FLASH_SendByte
    spi_flash.o(i.SPI_FLASH_ReadJEDECID) refers to ht32f1xxxx_gpio.o(i.GPIO_SetOutBits) for GPIO_SetOutBits
    spi_flash.o(i.SPI_FLASH_ReadJEDECID) refers to ht32_board.o(.constdata) for GPIO_PORT
    spi_flash.o(i.SPI_FLASH_SectorErase) refers to spi_flash.o(i.SPI_FLASH_WriteEnable) for SPI_FLASH_WriteEnable
    spi_flash.o(i.SPI_FLASH_SectorErase) refers to ht32f1xxxx_gpio.o(i.GPIO_ClearOutBits) for GPIO_ClearOutBits
    spi_flash.o(i.SPI_FLASH_SectorErase) refers to spi_flash.o(i.SPI_FLASH_SendByte) for SPI_FLASH_SendByte
    spi_flash.o(i.SPI_FLASH_SectorErase) refers to ht32f1xxxx_gpio.o(i.GPIO_SetOutBits) for GPIO_SetOutBits
    spi_flash.o(i.SPI_FLASH_SectorErase) refers to spi_flash.o(i.SPI_FLASH_WaitForWriteEnd) for SPI_FLASH_WaitForWriteEnd
    spi_flash.o(i.SPI_FLASH_SectorErase) refers to ht32_board.o(.constdata) for GPIO_PORT
    spi_flash.o(i.SPI_FLASH_SendByte) refers to ht32f1xxxx_spi.o(i.SPI_GetFlagStatus) for SPI_GetFlagStatus
    spi_flash.o(i.SPI_FLASH_SendByte) refers to ht32f1xxxx_spi.o(i.SPI_SendData) for SPI_SendData
    spi_flash.o(i.SPI_FLASH_SendByte) refers to ht32f1xxxx_spi.o(i.SPI_ReceiveData) for SPI_ReceiveData
    spi_flash.o(i.SPI_FLASH_WaitForWriteEnd) refers to ht32f1xxxx_gpio.o(i.GPIO_ClearOutBits) for GPIO_ClearOutBits
    spi_flash.o(i.SPI_FLASH_WaitForWriteEnd) refers to spi_flash.o(i.SPI_FLASH_SendByte) for SPI_FLASH_SendByte
    spi_flash.o(i.SPI_FLASH_WaitForWriteEnd) refers to ht32f1xxxx_gpio.o(i.GPIO_SetOutBits) for GPIO_SetOutBits
    spi_flash.o(i.SPI_FLASH_WaitForWriteEnd) refers to ht32_board.o(.constdata) for GPIO_PORT
    spi_flash.o(i.SPI_FLASH_WriteDisable) refers to ht32f1xxxx_gpio.o(i.GPIO_ClearOutBits) for GPIO_ClearOutBits
    spi_flash.o(i.SPI_FLASH_WriteDisable) refers to spi_flash.o(i.SPI_FLASH_SendByte) for SPI_FLASH_SendByte
    spi_flash.o(i.SPI_FLASH_WriteDisable) refers to ht32f1xxxx_gpio.o(i.GPIO_SetOutBits) for GPIO_SetOutBits
    spi_flash.o(i.SPI_FLASH_WriteDisable) refers to ht32_board.o(.constdata) for GPIO_PORT
    spi_flash.o(i.SPI_FLASH_WriteEnable) refers to ht32f1xxxx_gpio.o(i.GPIO_ClearOutBits) for GPIO_ClearOutBits
    spi_flash.o(i.SPI_FLASH_WriteEnable) refers to spi_flash.o(i.SPI_FLASH_SendByte) for SPI_FLASH_SendByte
    spi_flash.o(i.SPI_FLASH_WriteEnable) refers to ht32f1xxxx_gpio.o(i.GPIO_SetOutBits) for GPIO_SetOutBits
    spi_flash.o(i.SPI_FLASH_WriteEnable) refers to ht32_board.o(.constdata) for GPIO_PORT
    spi_flash.o(i.SPI_FLASH_WriteStatus) refers to spi_flash.o(i.SPI_FLASH_WriteEnable) for SPI_FLASH_WriteEnable
    spi_flash.o(i.SPI_FLASH_WriteStatus) refers to ht32f1xxxx_gpio.o(i.GPIO_ClearOutBits) for GPIO_ClearOutBits
    spi_flash.o(i.SPI_FLASH_WriteStatus) refers to spi_flash.o(i.SPI_FLASH_SendByte) for SPI_FLASH_SendByte
    spi_flash.o(i.SPI_FLASH_WriteStatus) refers to ht32f1xxxx_gpio.o(i.GPIO_SetOutBits) for GPIO_SetOutBits
    spi_flash.o(i.SPI_FLASH_WriteStatus) refers to ht32_board.o(.constdata) for GPIO_PORT
    ebi_lcd.o(i.LCD_BackColorSet) refers to ebi_lcd.o(.data) for .data
    ebi_lcd.o(i.LCD_CharDisplay) refers to ebi_lcd.o(i.LCD_CharDraw) for LCD_CharDraw
    ebi_lcd.o(i.LCD_CharDisplay) refers to ebi_lcd.o(.constdata) for .constdata
    ebi_lcd.o(i.LCD_CharDraw) refers to ebi_lcd.o(i.LCD_StarterSet) for LCD_StarterSet
    ebi_lcd.o(i.LCD_CharDraw) refers to ebi_lcd.o(.data) for .data
    ebi_lcd.o(i.LCD_CircleDraw) refers to ebi_lcd.o(i.LCD_StarterSet) for LCD_StarterSet
    ebi_lcd.o(i.LCD_CircleDraw) refers to ebi_lcd.o(i.LCD_WriteRAMWord) for LCD_WriteRAMWord
    ebi_lcd.o(i.LCD_CircleDraw) refers to ebi_lcd.o(.data) for .data
    ebi_lcd.o(i.LCD_Clear) refers to ebi_lcd.o(i.LCD_StarterSet) for LCD_StarterSet
    ebi_lcd.o(i.LCD_Config) refers to ebi_lcd.o(i._delay) for _delay
    ebi_lcd.o(i.LCD_Config) refers to ht32f1xxxx_gpio.o(i.GPIO_ClearOutBits) for GPIO_ClearOutBits
    ebi_lcd.o(i.LCD_Config) refers to ht32f1xxxx_gpio.o(i.GPIO_SetOutBits) for GPIO_SetOutBits
    ebi_lcd.o(i.LCD_Config) refers to ebi_lcd.o(i.LCD_WriteReg) for LCD_WriteReg
    ebi_lcd.o(i.LCD_Config) refers to ebi_lcd.o(i.LCD_Clear) for LCD_Clear
    ebi_lcd.o(i.LCD_Config) refers to ht32_board.o(.constdata) for GPIO_PORT
    ebi_lcd.o(i.LCD_DisplayOff) refers to ebi_lcd.o(i.LCD_WriteReg) for LCD_WriteReg
    ebi_lcd.o(i.LCD_DisplayOn) refers to ebi_lcd.o(i.LCD_WriteReg) for LCD_WriteReg
    ebi_lcd.o(i.LCD_Init) refers to ht32f1xxxx_ckcu.o(i.CKCU_PeripClockConfig) for CKCU_PeripClockConfig
    ebi_lcd.o(i.LCD_Init) refers to ht32f1xxxx_gpio.o(i.AFIO_GPxConfig) for AFIO_GPxConfig
    ebi_lcd.o(i.LCD_Init) refers to ht32f1xxxx_gpio.o(i.GPIO_SetOutBits) for GPIO_SetOutBits
    ebi_lcd.o(i.LCD_Init) refers to ht32f1xxxx_gpio.o(i.GPIO_DirectionConfig) for GPIO_DirectionConfig
    ebi_lcd.o(i.LCD_Init) refers to ht32f1xxxx_ebi.o(i.EBI_Init) for EBI_Init
    ebi_lcd.o(i.LCD_Init) refers to ht32f1xxxx_ebi.o(i.EBI_Cmd) for EBI_Cmd
    ebi_lcd.o(i.LCD_Init) refers to ht32_board.o(.constdata) for GPIO_PORT
    ebi_lcd.o(i.LCD_LineDraw) refers to ebi_lcd.o(i.LCD_StarterSet) for LCD_StarterSet
    ebi_lcd.o(i.LCD_LineDraw) refers to ebi_lcd.o(i.LCD_WriteRAMWord) for LCD_WriteRAMWord
    ebi_lcd.o(i.LCD_LineDraw) refers to ebi_lcd.o(.data) for .data
    ebi_lcd.o(i.LCD_PicDraw) refers to ebi_lcd.o(i.LCD_StarterSet) for LCD_StarterSet
    ebi_lcd.o(i.LCD_RectDraw) refers to ebi_lcd.o(i.LCD_LineDraw) for LCD_LineDraw
    ebi_lcd.o(i.LCD_StarterSet) refers to ebi_lcd.o(i.LCD_WriteReg) for LCD_WriteReg
    ebi_lcd.o(i.LCD_StringLineDisplay) refers to ebi_lcd.o(i.LCD_CharDisplay) for LCD_CharDisplay
    ebi_lcd.o(i.LCD_TextColorSet) refers to ebi_lcd.o(.data) for .data
    entry.o(.ARM.Collect$$$$00000000) refers (Special) to entry10a.o(.ARM.Collect$$$$0000000D) for __rt_final_cpp
    entry.o(.ARM.Collect$$$$00000000) refers (Special) to entry11a.o(.ARM.Collect$$$$0000000F) for __rt_final_exit
    entry.o(.ARM.Collect$$$$00000000) refers (Special) to entry7b.o(.ARM.Collect$$$$00000008) for _main_clock
    entry.o(.ARM.Collect$$$$00000000) refers (Special) to entry8b.o(.ARM.Collect$$$$0000000A) for _main_cpp_init
    entry.o(.ARM.Collect$$$$00000000) refers (Special) to entry9a.o(.ARM.Collect$$$$0000000B) for _main_init
    entry.o(.ARM.Collect$$$$00000000) refers (Special) to entry5.o(.ARM.Collect$$$$00000004) for _main_scatterload
    entry.o(.ARM.Collect$$$$00000000) refers (Special) to entry2.o(.ARM.Collect$$$$00000001) for _main_stk
    entry2.o(.ARM.Collect$$$$00000001) refers to entry2.o(.ARM.Collect$$$$00002712) for __lit__00000000
    entry2.o(.ARM.Collect$$$$00002712) refers to startup_ht32f1xxxx_01.o(STACK) for __initial_sp
    entry2.o(__vectab_stack_and_reset_area) refers to startup_ht32f1xxxx_01.o(STACK) for __initial_sp
    entry2.o(__vectab_stack_and_reset_area) refers to entry.o(.ARM.Collect$$$$00000000) for __main
    entry5.o(.ARM.Collect$$$$00000004) refers to init.o(.text) for __scatterload
    entry9a.o(.ARM.Collect$$$$0000000B) refers to main.o(i.main) for main
    entry9b.o(.ARM.Collect$$$$0000000C) refers to main.o(i.main) for main
    init.o(.text) refers to entry5.o(.ARM.Collect$$$$00000004) for __main_after_scatterload


==============================================================================

Removing Unused input sections from the image.

    Removing main.o(.rev16_text), (4 bytes).
    Removing main.o(.revsh_text), (4 bytes).
    Removing main.o(.rrx_text), (6 bytes).
    Removing ht32f1xxxx_01_it.o(.rev16_text), (4 bytes).
    Removing ht32f1xxxx_01_it.o(.revsh_text), (4 bytes).
    Removing ht32f1xxxx_01_it.o(.rrx_text), (6 bytes).
    Removing system_ht32f1xxxx_01.o(.rev16_text), (4 bytes).
    Removing system_ht32f1xxxx_01.o(.revsh_text), (4 bytes).
    Removing system_ht32f1xxxx_01.o(.rrx_text), (6 bytes).
    Removing system_ht32f1xxxx_01.o(i.SystemCoreClockUpdate), (96 bytes).
    Removing system_ht32f1xxxx_01.o(.data), (4 bytes).
    Removing startup_ht32f1xxxx_01.o(HEAP), (0 bytes).
    Removing ht32_usbd_core.o(.rev16_text), (4 bytes).
    Removing ht32_usbd_core.o(.revsh_text), (4 bytes).
    Removing ht32_usbd_core.o(.rrx_text), (6 bytes).
    Removing ht32_usbd_core.o(i.USBDCore_GetRemoteWakeUpFeature), (10 bytes).
    Removing ht32_usbd_core.o(i.USBDCore_GetStatus), (16 bytes).
    Removing ht32_usbd_core.o(i.USBDCore_IRQHandler), (352 bytes).
    Removing ht32_usbd_core.o(i.USBDCore_Init), (24 bytes).
    Removing ht32_usbd_core.o(i.USBDCore_IsSuspend), (16 bytes).
    Removing ht32_usbd_core.o(i.USBDCore_MainRoutine), (64 bytes).
    Removing ht32_usbd_core.o(i.USBDCore_TriggerRemoteWakeup), (14 bytes).
    Removing ht32_usbd_core.o(i._USBDCore_ControlIN), (66 bytes).
    Removing ht32_usbd_core.o(i._USBDCore_Setup), (106 bytes).
    Removing ht32_usbd_core.o(i._USBDCore_Standard_GetStatus), (54 bytes).
    Removing ht32_usbd_core.o(i._USBDCore_Standard_Request), (284 bytes).
    Removing ht32_usbd_core.o(i._USBDCore_Standard_SetClearFeature), (76 bytes).
    Removing ht32_usbd_core.o(.data), (4 bytes).
    Removing ht32_cm3_misc.o(.rev16_text), (4 bytes).
    Removing ht32_cm3_misc.o(.revsh_text), (4 bytes).
    Removing ht32_cm3_misc.o(.rrx_text), (6 bytes).
    Removing ht32_cm3_misc.o(i.NVIC_CoreReset), (16 bytes).
    Removing ht32_cm3_misc.o(i.NVIC_LowPowerConfig), (24 bytes).
    Removing ht32_cm3_misc.o(i.NVIC_SetPendingSystemHandler), (16 bytes).
    Removing ht32_cm3_misc.o(i.NVIC_SetVectorTable), (20 bytes).
    Removing ht32_cm3_misc.o(i.Rand_Init), (28 bytes).
    Removing ht32_cm3_misc.o(i.SYSTICK_ClockSourceConfig), (24 bytes).
    Removing ht32_cm3_misc.o(i.SYSTICK_CounterCmd), (32 bytes).
    Removing ht32_cm3_misc.o(i.SYSTICK_IntConfig), (24 bytes).
    Removing ht32_cm3_misc.o(i.SYSTICK_SetReloadValue), (8 bytes).
    Removing ht32_cm3_misc.o(.constdata), (348 bytes).
    Removing ht32_cm3_misc.o(.data), (4 bytes).
    Removing ht32f1xxxx_adc.o(.rev16_text), (4 bytes).
    Removing ht32f1xxxx_adc.o(.revsh_text), (4 bytes).
    Removing ht32f1xxxx_adc.o(.rrx_text), (6 bytes).
    Removing ht32f1xxxx_adc.o(i.ADC_AWDConfig), (16 bytes).
    Removing ht32f1xxxx_adc.o(i.ADC_AWDSingleChannelConfig), (18 bytes).
    Removing ht32f1xxxx_adc.o(i.ADC_AWDThresholdsConfig), (10 bytes).
    Removing ht32f1xxxx_adc.o(i.ADC_ClearIntPendingBit), (6 bytes).
    Removing ht32f1xxxx_adc.o(i.ADC_Cmd), (2 bytes).
    Removing ht32f1xxxx_adc.o(i.ADC_DeInit), (14 bytes).
    Removing ht32f1xxxx_adc.o(i.ADC_GetConversionData), (12 bytes).
    Removing ht32f1xxxx_adc.o(i.ADC_GetFlagStatus), (12 bytes).
    Removing ht32f1xxxx_adc.o(i.ADC_GetHPConversionData), (12 bytes).
    Removing ht32f1xxxx_adc.o(i.ADC_GetIntStatus), (12 bytes).
    Removing ht32f1xxxx_adc.o(i.ADC_HPChannelConfig), (28 bytes).
    Removing ht32f1xxxx_adc.o(i.ADC_HPGroupConfig), (22 bytes).
    Removing ht32f1xxxx_adc.o(i.ADC_HPSoftwareStartConvCmd), (24 bytes).
    Removing ht32f1xxxx_adc.o(i.ADC_HPTrigConfig), (12 bytes).
    Removing ht32f1xxxx_adc.o(i.ADC_IntConfig), (20 bytes).
    Removing ht32f1xxxx_adc.o(i.ADC_PDMAConfig), (20 bytes).
    Removing ht32f1xxxx_adc.o(i.ADC_RegularChannelConfig), (34 bytes).
    Removing ht32f1xxxx_adc.o(i.ADC_RegularGroupConfig), (22 bytes).
    Removing ht32f1xxxx_adc.o(i.ADC_RegularTrigConfig), (12 bytes).
    Removing ht32f1xxxx_adc.o(i.ADC_Reset), (10 bytes).
    Removing ht32f1xxxx_adc.o(i.ADC_SoftwareStartConvCmd), (24 bytes).
    Removing ht32f1xxxx_bftm.o(.rev16_text), (4 bytes).
    Removing ht32f1xxxx_bftm.o(.revsh_text), (4 bytes).
    Removing ht32f1xxxx_bftm.o(.rrx_text), (6 bytes).
    Removing ht32f1xxxx_bftm.o(i.BFTM_ClearFlag), (14 bytes).
    Removing ht32f1xxxx_bftm.o(i.BFTM_DeInit), (48 bytes).
    Removing ht32f1xxxx_bftm.o(i.BFTM_EnaCmd), (20 bytes).
    Removing ht32f1xxxx_bftm.o(i.BFTM_GetCompare), (4 bytes).
    Removing ht32f1xxxx_bftm.o(i.BFTM_GetCounter), (4 bytes).
    Removing ht32f1xxxx_bftm.o(i.BFTM_GetFlagStatus), (10 bytes).
    Removing ht32f1xxxx_bftm.o(i.BFTM_IntConfig), (20 bytes).
    Removing ht32f1xxxx_bftm.o(i.BFTM_OneShotModeCmd), (20 bytes).
    Removing ht32f1xxxx_bftm.o(i.BFTM_SetCompare), (4 bytes).
    Removing ht32f1xxxx_bftm.o(i.BFTM_SetCounter), (4 bytes).
    Removing ht32f1xxxx_ckcu.o(.rev16_text), (4 bytes).
    Removing ht32f1xxxx_ckcu.o(.revsh_text), (4 bytes).
    Removing ht32f1xxxx_ckcu.o(.rrx_text), (6 bytes).
    Removing ht32f1xxxx_ckcu.o(i.CKCU_BKISOCmd), (20 bytes).
    Removing ht32f1xxxx_ckcu.o(i.CKCU_CKMCmd), (12 bytes).
    Removing ht32f1xxxx_ckcu.o(i.CKCU_CKOUTConfig), (20 bytes).
    Removing ht32f1xxxx_ckcu.o(i.CKCU_ClearIntFlag), (16 bytes).
    Removing ht32f1xxxx_ckcu.o(i.CKCU_DeInit), (84 bytes).
    Removing ht32f1xxxx_ckcu.o(i.CKCU_GetClockReadyStatus), (20 bytes).
    Removing ht32f1xxxx_ckcu.o(i.CKCU_GetClocksFrequency), (84 bytes).
    Removing ht32f1xxxx_ckcu.o(i.CKCU_GetIntStatus), (20 bytes).
    Removing ht32f1xxxx_ckcu.o(i.CKCU_GetPLLFrequency), (64 bytes).
    Removing ht32f1xxxx_ckcu.o(i.CKCU_GetPeripFrequency), (16 bytes).
    Removing ht32f1xxxx_ckcu.o(i.CKCU_GetSysClockSource), (12 bytes).
    Removing ht32f1xxxx_ckcu.o(i.CKCU_HSECmd), (12 bytes).
    Removing ht32f1xxxx_ckcu.o(i.CKCU_HSICmd), (12 bytes).
    Removing ht32f1xxxx_ckcu.o(i.CKCU_IS_HSE_USED), (20 bytes).
    Removing ht32f1xxxx_ckcu.o(i.CKCU_IS_HSI_USED), (20 bytes).
    Removing ht32f1xxxx_ckcu.o(i.CKCU_IS_PLL_USED), (20 bytes).
    Removing ht32f1xxxx_ckcu.o(i.CKCU_IntConfig), (24 bytes).
    Removing ht32f1xxxx_ckcu.o(i.CKCU_MCUDBGConfig), (28 bytes).
    Removing ht32f1xxxx_ckcu.o(i.CKCU_PLLCmd), (12 bytes).
    Removing ht32f1xxxx_ckcu.o(i.CKCU_PLLInit), (36 bytes).
    Removing ht32f1xxxx_ckcu.o(i.CKCU_PSRCWKUPCmd), (12 bytes).
    Removing ht32f1xxxx_ckcu.o(i.CKCU_SetADCPrescaler), (20 bytes).
    Removing ht32f1xxxx_ckcu.o(i.CKCU_SetCKREFPrescaler), (20 bytes).
    Removing ht32f1xxxx_ckcu.o(i.CKCU_SetHCLKPrescaler), (12 bytes).
    Removing ht32f1xxxx_ckcu.o(i.CKCU_SetUSARTPrescaler), (20 bytes).
    Removing ht32f1xxxx_ckcu.o(i.CKCU_SetUSBPrescaler), (20 bytes).
    Removing ht32f1xxxx_ckcu.o(i.CKCU_SleepClockConfig), (24 bytes).
    Removing ht32f1xxxx_ckcu.o(i.CKCU_SysClockConfig), (44 bytes).
    Removing ht32f1xxxx_ckcu.o(i.CKCU_WaitHSEReady), (32 bytes).
    Removing ht32f1xxxx_cmp_op.o(.rev16_text), (4 bytes).
    Removing ht32f1xxxx_cmp_op.o(.revsh_text), (4 bytes).
    Removing ht32f1xxxx_cmp_op.o(.rrx_text), (6 bytes).
    Removing ht32f1xxxx_cmp_op.o(i.CMP_OP_CancellationModeConfig), (16 bytes).
    Removing ht32f1xxxx_cmp_op.o(i.CMP_OP_ClearIntPendingBit), (4 bytes).
    Removing ht32f1xxxx_cmp_op.o(i.CMP_OP_Cmd), (20 bytes).
    Removing ht32f1xxxx_cmp_op.o(i.CMP_OP_Config), (14 bytes).
    Removing ht32f1xxxx_cmp_op.o(i.CMP_OP_DeInit), (32 bytes).
    Removing ht32f1xxxx_cmp_op.o(i.CMP_OP_GetCancellationVaule), (4 bytes).
    Removing ht32f1xxxx_cmp_op.o(i.CMP_OP_GetFlagStatus), (10 bytes).
    Removing ht32f1xxxx_cmp_op.o(i.CMP_OP_GetIntStatus), (10 bytes).
    Removing ht32f1xxxx_cmp_op.o(i.CMP_OP_GetOutputStatus), (14 bytes).
    Removing ht32f1xxxx_cmp_op.o(i.CMP_OP_IntConfig), (16 bytes).
    Removing ht32f1xxxx_cmp_op.o(i.CMP_OP_SetCancellationVaule), (4 bytes).
    Removing ht32f1xxxx_crc.o(.rev16_text), (4 bytes).
    Removing ht32f1xxxx_crc.o(.revsh_text), (4 bytes).
    Removing ht32f1xxxx_crc.o(.rrx_text), (6 bytes).
    Removing ht32f1xxxx_crc.o(i.CRC_16), (32 bytes).
    Removing ht32f1xxxx_crc.o(i.CRC_32), (28 bytes).
    Removing ht32f1xxxx_crc.o(i.CRC_CCITT), (32 bytes).
    Removing ht32f1xxxx_crc.o(i.CRC_DeInit), (12 bytes).
    Removing ht32f1xxxx_crc.o(i.CRC_Init), (34 bytes).
    Removing ht32f1xxxx_crc.o(i.CRC_Process), (24 bytes).
    Removing ht32f1xxxx_ebi.o(.rev16_text), (4 bytes).
    Removing ht32f1xxxx_ebi.o(.revsh_text), (4 bytes).
    Removing ht32f1xxxx_ebi.o(.rrx_text), (6 bytes).
    Removing ht32f1xxxx_ebi.o(i.EBI_ClearIntFlag), (12 bytes).
    Removing ht32f1xxxx_ebi.o(i.EBI_Cmd), (24 bytes).
    Removing ht32f1xxxx_ebi.o(i.EBI_DeInit), (12 bytes).
    Removing ht32f1xxxx_ebi.o(i.EBI_GetARDYStatus), (20 bytes).
    Removing ht32f1xxxx_ebi.o(i.EBI_GetBusyStatus), (16 bytes).
    Removing ht32f1xxxx_ebi.o(i.EBI_GetIntStatus), (20 bytes).
    Removing ht32f1xxxx_ebi.o(i.EBI_Init), (212 bytes).
    Removing ht32f1xxxx_ebi.o(i.EBI_IntConfig), (24 bytes).
    Removing ht32f1xxxx_ebi.o(i.EBI_StructInit), (70 bytes).
    Removing ht32f1xxxx_exti.o(.rev16_text), (4 bytes).
    Removing ht32f1xxxx_exti.o(.revsh_text), (4 bytes).
    Removing ht32f1xxxx_exti.o(.rrx_text), (6 bytes).
    Removing ht32f1xxxx_exti.o(i.EXTI_ClearEdgeFlag), (16 bytes).
    Removing ht32f1xxxx_exti.o(i.EXTI_ClearWakeupFlag), (20 bytes).
    Removing ht32f1xxxx_exti.o(i.EXTI_DeInit), (48 bytes).
    Removing ht32f1xxxx_exti.o(i.EXTI_GetEdgeFlag), (24 bytes).
    Removing ht32f1xxxx_exti.o(i.EXTI_GetEdgeStatus), (40 bytes).
    Removing ht32f1xxxx_exti.o(i.EXTI_GetSWCmdStatus), (24 bytes).
    Removing ht32f1xxxx_exti.o(i.EXTI_GetWakeupFlagStatus), (24 bytes).
    Removing ht32f1xxxx_exti.o(i.EXTI_Init), (28 bytes).
    Removing ht32f1xxxx_exti.o(i.EXTI_IntConfig), (28 bytes).
    Removing ht32f1xxxx_exti.o(i.EXTI_SWIntCmd), (28 bytes).
    Removing ht32f1xxxx_exti.o(i.EXTI_WakeupEventConfig), (44 bytes).
    Removing ht32f1xxxx_exti.o(i.EXTI_WakeupEventIntConfig), (28 bytes).
    Removing ht32f1xxxx_flash.o(.rev16_text), (4 bytes).
    Removing ht32f1xxxx_flash.o(.revsh_text), (4 bytes).
    Removing ht32f1xxxx_flash.o(.rrx_text), (6 bytes).
    Removing ht32f1xxxx_flash.o(i.FLASH_BranchCacheCmd), (32 bytes).
    Removing ht32f1xxxx_flash.o(i.FLASH_ClearIntFlag), (12 bytes).
    Removing ht32f1xxxx_flash.o(i.FLASH_DcodeCacheCmd), (32 bytes).
    Removing ht32f1xxxx_flash.o(i.FLASH_EraseOptionByte), (12 bytes).
    Removing ht32f1xxxx_flash.o(i.FLASH_ErasePage), (16 bytes).
    Removing ht32f1xxxx_flash.o(i.FLASH_FlashHalfCycleCmd), (48 bytes).
    Removing ht32f1xxxx_flash.o(i.FLASH_FlashZwPwrSavingCmd), (48 bytes).
    Removing ht32f1xxxx_flash.o(i.FLASH_GetIntStatus), (20 bytes).
    Removing ht32f1xxxx_flash.o(i.FLASH_GetOptionByteStatus), (48 bytes).
    Removing ht32f1xxxx_flash.o(i.FLASH_IntConfig), (24 bytes).
    Removing ht32f1xxxx_flash.o(i.FLASH_MassErase), (16 bytes).
    Removing ht32f1xxxx_flash.o(i.FLASH_PrefetchBufferCmd), (32 bytes).
    Removing ht32f1xxxx_flash.o(i.FLASH_ProgramOptionByte), (80 bytes).
    Removing ht32f1xxxx_flash.o(i.FLASH_ProgramWordData), (28 bytes).
    Removing ht32f1xxxx_flash.o(i.FLASH_SetRemappingMode), (12 bytes).
    Removing ht32f1xxxx_flash.o(i.FLASH_SetWaitState), (24 bytes).
    Removing ht32f1xxxx_flash.o(i.FLASH_WaitForOperationEnd), (76 bytes).
    Removing ht32f1xxxx_gpio.o(.rev16_text), (4 bytes).
    Removing ht32f1xxxx_gpio.o(.revsh_text), (4 bytes).
    Removing ht32f1xxxx_gpio.o(.rrx_text), (6 bytes).
    Removing ht32f1xxxx_gpio.o(i.AFIO_DeInit), (14 bytes).
    Removing ht32f1xxxx_gpio.o(i.AFIO_EXTISourceConfig), (44 bytes).
    Removing ht32f1xxxx_gpio.o(i.GPIO_ClearOutBits), (4 bytes).
    Removing ht32f1xxxx_gpio.o(i.GPIO_DeInit), (92 bytes).
    Removing ht32f1xxxx_gpio.o(i.GPIO_DisableDebugPort), (60 bytes).
    Removing ht32f1xxxx_gpio.o(i.GPIO_DriveConfig), (16 bytes).
    Removing ht32f1xxxx_gpio.o(i.GPIO_IsPinLocked), (10 bytes).
    Removing ht32f1xxxx_gpio.o(i.GPIO_IsPortLocked), (10 bytes).
    Removing ht32f1xxxx_gpio.o(i.GPIO_OpenDrainConfig), (16 bytes).
    Removing ht32f1xxxx_gpio.o(i.GPIO_PinLock), (12 bytes).
    Removing ht32f1xxxx_gpio.o(i.GPIO_ReadInBit), (10 bytes).
    Removing ht32f1xxxx_gpio.o(i.GPIO_ReadInData), (6 bytes).
    Removing ht32f1xxxx_gpio.o(i.GPIO_ReadOutBit), (10 bytes).
    Removing ht32f1xxxx_gpio.o(i.GPIO_ReadOutData), (6 bytes).
    Removing ht32f1xxxx_gpio.o(i.GPIO_SetOutBits), (4 bytes).
    Removing ht32f1xxxx_gpio.o(i.GPIO_WriteOutData), (4 bytes).
    Removing ht32f1xxxx_gpio.o(i._AFIO_ClockControl), (40 bytes).
    Removing ht32f1xxxx_gpio.o(i._GPIO_ClockControl), (52 bytes).
    Removing ht32f1xxxx_i2c.o(.rev16_text), (4 bytes).
    Removing ht32f1xxxx_i2c.o(.revsh_text), (4 bytes).
    Removing ht32f1xxxx_i2c.o(.rrx_text), (6 bytes).
    Removing ht32f1xxxx_i2c.o(i.I2C_AckCmd), (20 bytes).
    Removing ht32f1xxxx_i2c.o(i.I2C_AddressMaskConfig), (4 bytes).
    Removing ht32f1xxxx_i2c.o(i.I2C_CheckStatus), (14 bytes).
    Removing ht32f1xxxx_i2c.o(i.I2C_ClearFlag), (4 bytes).
    Removing ht32f1xxxx_i2c.o(i.I2C_Cmd), (20 bytes).
    Removing ht32f1xxxx_i2c.o(i.I2C_CombFilterCmd), (20 bytes).
    Removing ht32f1xxxx_i2c.o(i.I2C_DeInit), (44 bytes).
    Removing ht32f1xxxx_i2c.o(i.I2C_GeneralCallCmd), (20 bytes).
    Removing ht32f1xxxx_i2c.o(i.I2C_GenerateSTOP), (10 bytes).
    Removing ht32f1xxxx_i2c.o(i.I2C_GetAddressBuffer), (6 bytes).
    Removing ht32f1xxxx_i2c.o(i.I2C_GetFlagStatus), (10 bytes).
    Removing ht32f1xxxx_i2c.o(i.I2C_Init), (164 bytes).
    Removing ht32f1xxxx_i2c.o(i.I2C_IntConfig), (16 bytes).
    Removing ht32f1xxxx_i2c.o(i.I2C_PDMACmd), (16 bytes).
    Removing ht32f1xxxx_i2c.o(i.I2C_PDMANACKCmd), (20 bytes).
    Removing ht32f1xxxx_i2c.o(i.I2C_ReadRegister), (10 bytes).
    Removing ht32f1xxxx_i2c.o(i.I2C_ReceiveData), (6 bytes).
    Removing ht32f1xxxx_i2c.o(i.I2C_SendData), (4 bytes).
    Removing ht32f1xxxx_i2c.o(i.I2C_SequentialFilterConfig), (112 bytes).
    Removing ht32f1xxxx_i2c.o(i.I2C_SetOwnAddress), (4 bytes).
    Removing ht32f1xxxx_i2c.o(i.I2C_SetSCLHighPeriod), (4 bytes).
    Removing ht32f1xxxx_i2c.o(i.I2C_SetSCLLowPeriod), (4 bytes).
    Removing ht32f1xxxx_i2c.o(i.I2C_SetTimeOutPrescaler), (10 bytes).
    Removing ht32f1xxxx_i2c.o(i.I2C_SetTimeOutValue), (12 bytes).
    Removing ht32f1xxxx_i2c.o(i.I2C_StructInit), (24 bytes).
    Removing ht32f1xxxx_i2c.o(i.I2C_TargetAddressConfig), (16 bytes).
    Removing ht32f1xxxx_i2c.o(i.I2C_TimeOutCmd), (20 bytes).
    Removing ht32f1xxxx_i2s.o(.rev16_text), (4 bytes).
    Removing ht32f1xxxx_i2s.o(.revsh_text), (4 bytes).
    Removing ht32f1xxxx_i2s.o(.rrx_text), (6 bytes).
    Removing ht32f1xxxx_i2s.o(i.I2S_ClearFlag), (12 bytes).
    Removing ht32f1xxxx_i2s.o(i.I2S_Cmd), (28 bytes).
    Removing ht32f1xxxx_i2s.o(i.I2S_DeInit), (14 bytes).
    Removing ht32f1xxxx_i2s.o(i.I2S_FIFOReset), (16 bytes).
    Removing ht32f1xxxx_i2s.o(i.I2S_FIFOTrigLevelConfig), (40 bytes).
    Removing ht32f1xxxx_i2s.o(i.I2S_GetFIFOStatus), (24 bytes).
    Removing ht32f1xxxx_i2s.o(i.I2S_GetFlagStatus), (20 bytes).
    Removing ht32f1xxxx_i2s.o(i.I2S_Init), (112 bytes).
    Removing ht32f1xxxx_i2s.o(i.I2S_IntConfig), (24 bytes).
    Removing ht32f1xxxx_i2s.o(i.I2S_PDMACmd), (24 bytes).
    Removing ht32f1xxxx_i2s.o(i.I2S_TxMuteCmd), (28 bytes).
    Removing ht32f1xxxx_mctm.o(.rev16_text), (4 bytes).
    Removing ht32f1xxxx_mctm.o(.revsh_text), (4 bytes).
    Removing ht32f1xxxx_mctm.o(.rrx_text), (6 bytes).
    Removing ht32f1xxxx_mctm.o(i.MCTM_CHBRKCTRConfig), (54 bytes).
    Removing ht32f1xxxx_mctm.o(i.MCTM_CHBRKCTRStructInit), (28 bytes).
    Removing ht32f1xxxx_mctm.o(i.MCTM_CHMOECmd), (20 bytes).
    Removing ht32f1xxxx_mctm.o(i.MCTM_COMPRECmd), (20 bytes).
    Removing ht32f1xxxx_mctm.o(i.MCTM_COMUSConfig), (20 bytes).
    Removing ht32f1xxxx_mctm.o(i.MCTM_ChNPolarityConfig), (22 bytes).
    Removing ht32f1xxxx_mctm.o(i.MCTM_ChannelNConfig), (26 bytes).
    Removing ht32f1xxxx_pdma.o(.rev16_text), (4 bytes).
    Removing ht32f1xxxx_pdma.o(.revsh_text), (4 bytes).
    Removing ht32f1xxxx_pdma.o(.rrx_text), (6 bytes).
    Removing ht32f1xxxx_pdma.o(i.PDMA_ClearFlag), (44 bytes).
    Removing ht32f1xxxx_pdma.o(i.PDMA_Config), (48 bytes).
    Removing ht32f1xxxx_pdma.o(i.PDMA_EnaCmd), (40 bytes).
    Removing ht32f1xxxx_pdma.o(i.PDMA_GetFlagStatus), (52 bytes).
    Removing ht32f1xxxx_pdma.o(i.PDMA_IntConfig), (48 bytes).
    Removing ht32f1xxxx_pdma.o(i.PDMA_SwTrigCmd), (40 bytes).
    Removing ht32f1xxxx_pdma.o(i.PDMA_TranSizeConfig), (24 bytes).
    Removing ht32f1xxxx_pwrcu.o(.rev16_text), (4 bytes).
    Removing ht32f1xxxx_pwrcu.o(.revsh_text), (4 bytes).
    Removing ht32f1xxxx_pwrcu.o(.rrx_text), (6 bytes).
    Removing ht32f1xxxx_pwrcu.o(i.PWRCU_BODCmd), (12 bytes).
    Removing ht32f1xxxx_pwrcu.o(i.PWRCU_BODRISConfig), (12 bytes).
    Removing ht32f1xxxx_pwrcu.o(i.PWRCU_DMOSCmd), (24 bytes).
    Removing ht32f1xxxx_pwrcu.o(i.PWRCU_DeInit), (32 bytes).
    Removing ht32f1xxxx_pwrcu.o(i.PWRCU_DeepSleep1), (68 bytes).
    Removing ht32f1xxxx_pwrcu.o(i.PWRCU_DeepSleep2), (80 bytes).
    Removing ht32f1xxxx_pwrcu.o(i.PWRCU_GetBODFlagStatus), (16 bytes).
    Removing ht32f1xxxx_pwrcu.o(i.PWRCU_GetDMOSStatus), (36 bytes).
    Removing ht32f1xxxx_pwrcu.o(i.PWRCU_GetFlagStatus), (28 bytes).
    Removing ht32f1xxxx_pwrcu.o(i.PWRCU_GetLVDFlagStatus), (16 bytes).
    Removing ht32f1xxxx_pwrcu.o(i.PWRCU_HSIReadyCounterBitLengthConfig), (12 bytes).
    Removing ht32f1xxxx_pwrcu.o(i.PWRCU_LVDCmd), (12 bytes).
    Removing ht32f1xxxx_pwrcu.o(i.PWRCU_LVDEventWakeupConfig), (12 bytes).
    Removing ht32f1xxxx_pwrcu.o(i.PWRCU_LVDIntWakeupConfig), (12 bytes).
    Removing ht32f1xxxx_pwrcu.o(i.PWRCU_PowerDown), (120 bytes).
    Removing ht32f1xxxx_pwrcu.o(i.PWRCU_ReadBackupRegister), (16 bytes).
    Removing ht32f1xxxx_pwrcu.o(i.PWRCU_SetLVDS), (24 bytes).
    Removing ht32f1xxxx_pwrcu.o(i.PWRCU_Sleep), (24 bytes).
    Removing ht32f1xxxx_pwrcu.o(i.PWRCU_VRDYSourceConfig), (12 bytes).
    Removing ht32f1xxxx_pwrcu.o(i.PWRCU_WakeupPinCmd), (28 bytes).
    Removing ht32f1xxxx_pwrcu.o(i.PWRCU_WakeupPinIntConfig), (12 bytes).
    Removing ht32f1xxxx_pwrcu.o(i.PWRCU_WriteBackupRegister), (16 bytes).
    Removing ht32f1xxxx_pwrcu.o(.data), (1 bytes).
    Removing ht32f1xxxx_rstcu.o(.rev16_text), (4 bytes).
    Removing ht32f1xxxx_rstcu.o(.revsh_text), (4 bytes).
    Removing ht32f1xxxx_rstcu.o(.rrx_text), (6 bytes).
    Removing ht32f1xxxx_rstcu.o(i.RSTCU_ClearAllResetFlag), (16 bytes).
    Removing ht32f1xxxx_rstcu.o(i.RSTCU_ClearResetFlag), (16 bytes).
    Removing ht32f1xxxx_rstcu.o(i.RSTCU_GetResetFlagStatus), (28 bytes).
    Removing ht32f1xxxx_rstcu.o(i.RSTCU_PeripReset), (48 bytes).
    Removing ht32f1xxxx_rtc.o(.rev16_text), (4 bytes).
    Removing ht32f1xxxx_rtc.o(.revsh_text), (4 bytes).
    Removing ht32f1xxxx_rtc.o(.rrx_text), (6 bytes).
    Removing ht32f1xxxx_rtc.o(i.RTC_CMPCLRCmd), (12 bytes).
    Removing ht32f1xxxx_rtc.o(i.RTC_ClockSourceConfig), (12 bytes).
    Removing ht32f1xxxx_rtc.o(i.RTC_Cmd), (12 bytes).
    Removing ht32f1xxxx_rtc.o(i.RTC_DeInit), (40 bytes).
    Removing ht32f1xxxx_rtc.o(i.RTC_GetCompare), (12 bytes).
    Removing ht32f1xxxx_rtc.o(i.RTC_GetCounter), (12 bytes).
    Removing ht32f1xxxx_rtc.o(i.RTC_GetFlagStatus), (12 bytes).
    Removing ht32f1xxxx_rtc.o(i.RTC_GetOutStatus), (16 bytes).
    Removing ht32f1xxxx_rtc.o(i.RTC_GetPrescaler), (20 bytes).
    Removing ht32f1xxxx_rtc.o(i.RTC_IntConfig), (24 bytes).
    Removing ht32f1xxxx_rtc.o(i.RTC_LSECmd), (44 bytes).
    Removing ht32f1xxxx_rtc.o(i.RTC_LSESMConfig), (12 bytes).
    Removing ht32f1xxxx_rtc.o(i.RTC_LSILoadTrimData), (44 bytes).
    Removing ht32f1xxxx_rtc.o(i.RTC_OutCmd), (12 bytes).
    Removing ht32f1xxxx_rtc.o(i.RTC_OutConfig), (28 bytes).
    Removing ht32f1xxxx_rtc.o(i.RTC_SetCompare), (12 bytes).
    Removing ht32f1xxxx_rtc.o(i.RTC_SetPrescaler), (20 bytes).
    Removing ht32f1xxxx_rtc.o(i.RTC_WakeupConfig), (24 bytes).
    Removing ht32f1xxxx_sci.o(.rev16_text), (4 bytes).
    Removing ht32f1xxxx_sci.o(.revsh_text), (4 bytes).
    Removing ht32f1xxxx_sci.o(.rrx_text), (6 bytes).
    Removing ht32f1xxxx_sci.o(i.SCI_ClearFlag), (30 bytes).
    Removing ht32f1xxxx_sci.o(i.SCI_ClockModeConfig), (20 bytes).
    Removing ht32f1xxxx_sci.o(i.SCI_Cmd), (20 bytes).
    Removing ht32f1xxxx_sci.o(i.SCI_DeInit), (28 bytes).
    Removing ht32f1xxxx_sci.o(i.SCI_ETUConfig), (6 bytes).
    Removing ht32f1xxxx_sci.o(i.SCI_GetFlagStatus), (14 bytes).
    Removing ht32f1xxxx_sci.o(i.SCI_Init), (32 bytes).
    Removing ht32f1xxxx_sci.o(i.SCI_IntConfig), (16 bytes).
    Removing ht32f1xxxx_sci.o(i.SCI_OutputDIO), (20 bytes).
    Removing ht32f1xxxx_sci.o(i.SCI_PDMACmd), (16 bytes).
    Removing ht32f1xxxx_sci.o(i.SCI_ReceiveData), (6 bytes).
    Removing ht32f1xxxx_sci.o(i.SCI_SendData), (4 bytes).
    Removing ht32f1xxxx_sci.o(i.SCI_SetGuardTimeValue), (4 bytes).
    Removing ht32f1xxxx_sci.o(i.SCI_SetWaitingTimeValue), (4 bytes).
    Removing ht32f1xxxx_sci.o(i.SCI_SoftwareClockCmd), (20 bytes).
    Removing ht32f1xxxx_sci.o(i.SCI_StructInit), (14 bytes).
    Removing ht32f1xxxx_sci.o(i.SCI_WaitingTimeCounterCmd), (20 bytes).
    Removing ht32f1xxxx_spi.o(.rev16_text), (4 bytes).
    Removing ht32f1xxxx_spi.o(.revsh_text), (4 bytes).
    Removing ht32f1xxxx_spi.o(.rrx_text), (6 bytes).
    Removing ht32f1xxxx_spi.o(i.SPI_ClearFlag), (4 bytes).
    Removing ht32f1xxxx_spi.o(i.SPI_Cmd), (20 bytes).
    Removing ht32f1xxxx_spi.o(i.SPI_DUALCmd), (20 bytes).
    Removing ht32f1xxxx_spi.o(i.SPI_DeInit), (40 bytes).
    Removing ht32f1xxxx_spi.o(i.SPI_FIFOCmd), (20 bytes).
    Removing ht32f1xxxx_spi.o(i.SPI_FIFOTriggerLevelConfig), (30 bytes).
    Removing ht32f1xxxx_spi.o(i.SPI_GUADTCmd), (20 bytes).
    Removing ht32f1xxxx_spi.o(i.SPI_GUADTSPI_GUADTConfig), (16 bytes).
    Removing ht32f1xxxx_spi.o(i.SPI_GetFIFOStatus), (20 bytes).
    Removing ht32f1xxxx_spi.o(i.SPI_GetFlagStatus), (14 bytes).
    Removing ht32f1xxxx_spi.o(i.SPI_Init), (74 bytes).
    Removing ht32f1xxxx_spi.o(i.SPI_IntConfig), (16 bytes).
    Removing ht32f1xxxx_spi.o(i.SPI_PDMACmd), (16 bytes).
    Removing ht32f1xxxx_spi.o(i.SPI_ReceiveData), (6 bytes).
    Removing ht32f1xxxx_spi.o(i.SPI_SELHTConfig), (10 bytes).
    Removing ht32f1xxxx_spi.o(i.SPI_SELModeConfig), (20 bytes).
    Removing ht32f1xxxx_spi.o(i.SPI_SELOutputCmd), (20 bytes).
    Removing ht32f1xxxx_spi.o(i.SPI_SendData), (4 bytes).
    Removing ht32f1xxxx_spi.o(i.SPI_SetDataLength), (16 bytes).
    Removing ht32f1xxxx_spi.o(i.SPI_SetTimeOutValue), (4 bytes).
    Removing ht32f1xxxx_spi.o(i.SPI_SoftwareSELCmd), (20 bytes).
    Removing ht32f1xxxx_spi.o(i.SPI_StructInit), (28 bytes).
    Removing ht32f1xxxx_tm.o(.rev16_text), (4 bytes).
    Removing ht32f1xxxx_tm.o(.revsh_text), (4 bytes).
    Removing ht32f1xxxx_tm.o(.rrx_text), (6 bytes).
    Removing ht32f1xxxx_tm.o(i.TM_CHCCDSConfig), (20 bytes).
    Removing ht32f1xxxx_tm.o(i.TM_CHCCRPreloadConfig), (24 bytes).
    Removing ht32f1xxxx_tm.o(i.TM_CHPSCConfig), (20 bytes).
    Removing ht32f1xxxx_tm.o(i.TM_CKDIVConfig), (16 bytes).
    Removing ht32f1xxxx_tm.o(i.TM_CRRPreloadCmd), (20 bytes).
    Removing ht32f1xxxx_tm.o(i.TM_CaptureInit), (36 bytes).
    Removing ht32f1xxxx_tm.o(i.TM_CaptureStructInit), (18 bytes).
    Removing ht32f1xxxx_tm.o(i.TM_ChExternalClockConfig), (48 bytes).
    Removing ht32f1xxxx_tm.o(i.TM_ChPolarityConfig), (20 bytes).
    Removing ht32f1xxxx_tm.o(i.TM_ChannelConfig), (24 bytes).
    Removing ht32f1xxxx_tm.o(i.TM_ClearFlag), (10 bytes).
    Removing ht32f1xxxx_tm.o(i.TM_ClearIntPendingBit), (10 bytes).
    Removing ht32f1xxxx_tm.o(i.TM_ClearOREFConfig), (24 bytes).
    Removing ht32f1xxxx_tm.o(i.TM_Cmd), (20 bytes).
    Removing ht32f1xxxx_tm.o(i.TM_CounterModeConfig), (24 bytes).
    Removing ht32f1xxxx_tm.o(i.TM_DeInit), (72 bytes).
    Removing ht32f1xxxx_tm.o(i.TM_DecoderConfig), (56 bytes).
    Removing ht32f1xxxx_tm.o(i.TM_EtiConfig), (24 bytes).
    Removing ht32f1xxxx_tm.o(i.TM_EtiExternalClockConfig), (18 bytes).
    Removing ht32f1xxxx_tm.o(i.TM_ForcedOREF), (18 bytes).
    Removing ht32f1xxxx_tm.o(i.TM_GenerateEvent), (4 bytes).
    Removing ht32f1xxxx_tm.o(i.TM_GetCaptureCompare), (10 bytes).
    Removing ht32f1xxxx_tm.o(i.TM_GetCounter), (6 bytes).
    Removing ht32f1xxxx_tm.o(i.TM_GetFlagStatus), (10 bytes).
    Removing ht32f1xxxx_tm.o(i.TM_GetIntStatus), (22 bytes).
    Removing ht32f1xxxx_tm.o(i.TM_GetPrescaler), (6 bytes).
    Removing ht32f1xxxx_tm.o(i.TM_HallInterfaceCmd), (20 bytes).
    Removing ht32f1xxxx_tm.o(i.TM_ImmActiveConfig), (24 bytes).
    Removing ht32f1xxxx_tm.o(i.TM_IntConfig), (16 bytes).
    Removing ht32f1xxxx_tm.o(i.TM_InternalClockConfig), (10 bytes).
    Removing ht32f1xxxx_tm.o(i.TM_ItiExternalClockConfig), (18 bytes).
    Removing ht32f1xxxx_tm.o(i.TM_MMSELConfig), (12 bytes).
    Removing ht32f1xxxx_tm.o(i.TM_OutputInit), (192 bytes).
    Removing ht32f1xxxx_tm.o(i.TM_OutputModeConfig), (32 bytes).
    Removing ht32f1xxxx_tm.o(i.TM_OutputStructInit), (24 bytes).
    Removing ht32f1xxxx_tm.o(i.TM_PDMAConfig), (16 bytes).
    Removing ht32f1xxxx_tm.o(i.TM_PrescalerConfig), (8 bytes).
    Removing ht32f1xxxx_tm.o(i.TM_PwmInputInit), (90 bytes).
    Removing ht32f1xxxx_tm.o(i.TM_SetAsymmetricCompare), (10 bytes).
    Removing ht32f1xxxx_tm.o(i.TM_SetCaptureCompare), (10 bytes).
    Removing ht32f1xxxx_tm.o(i.TM_SetCounter), (6 bytes).
    Removing ht32f1xxxx_tm.o(i.TM_SetCounterReload), (6 bytes).
    Removing ht32f1xxxx_tm.o(i.TM_SinglePulseModeCmd), (20 bytes).
    Removing ht32f1xxxx_tm.o(i.TM_SlaveModeConfig), (12 bytes).
    Removing ht32f1xxxx_tm.o(i.TM_StiConfig), (24 bytes).
    Removing ht32f1xxxx_tm.o(i.TM_TimSyncCmd), (20 bytes).
    Removing ht32f1xxxx_tm.o(i.TM_TimeBaseInit), (68 bytes).
    Removing ht32f1xxxx_tm.o(i.TM_TimeBaseStructInit), (22 bytes).
    Removing ht32f1xxxx_tm.o(i.TM_UEVG_IntConfig), (20 bytes).
    Removing ht32f1xxxx_tm.o(i.TM_UpdateCmd), (20 bytes).
    Removing ht32f1xxxx_tm.o(i.tm_CHx_Config), (64 bytes).
    Removing ht32f1xxxx_usart.o(.rev16_text), (4 bytes).
    Removing ht32f1xxxx_usart.o(.revsh_text), (4 bytes).
    Removing ht32f1xxxx_usart.o(.rrx_text), (6 bytes).
    Removing ht32f1xxxx_usart.o(i.USART_DeInit), (68 bytes).
    Removing ht32f1xxxx_usart.o(i.USART_FIFOReset), (8 bytes).
    Removing ht32f1xxxx_usart.o(i.USART_ForceBreakCmd), (20 bytes).
    Removing ht32f1xxxx_usart.o(i.USART_ForceModemPinState), (20 bytes).
    Removing ht32f1xxxx_usart.o(i.USART_GetFIFOStatus), (18 bytes).
    Removing ht32f1xxxx_usart.o(i.USART_GetFlagStatus), (28 bytes).
    Removing ht32f1xxxx_usart.o(i.USART_GetIntID), (6 bytes).
    Removing ht32f1xxxx_usart.o(i.USART_GetLineStatusValue), (6 bytes).
    Removing ht32f1xxxx_usart.o(i.USART_GetModemStatus), (6 bytes).
    Removing ht32f1xxxx_usart.o(i.USART_HardwareFlowControlCmd), (20 bytes).
    Removing ht32f1xxxx_usart.o(i.USART_Init), (104 bytes).
    Removing ht32f1xxxx_usart.o(i.USART_IntConfig), (42 bytes).
    Removing ht32f1xxxx_usart.o(i.USART_IrDACmd), (20 bytes).
    Removing ht32f1xxxx_usart.o(i.USART_IrDAConfig), (20 bytes).
    Removing ht32f1xxxx_usart.o(i.USART_IrDADirectionConfig), (20 bytes).
    Removing ht32f1xxxx_usart.o(i.USART_IrDAInvtCmd), (18 bytes).
    Removing ht32f1xxxx_usart.o(i.USART_PDMACmd), (16 bytes).
    Removing ht32f1xxxx_usart.o(i.USART_RS485AADCmd), (20 bytes).
    Removing ht32f1xxxx_usart.o(i.USART_RS485NMMCmd), (20 bytes).
    Removing ht32f1xxxx_usart.o(i.USART_RS485TxEnablePolarityConfig), (20 bytes).
    Removing ht32f1xxxx_usart.o(i.USART_ReceiveData), (6 bytes).
    Removing ht32f1xxxx_usart.o(i.USART_SendData), (4 bytes).
    Removing ht32f1xxxx_usart.o(i.USART_SetAddressMatchValue), (14 bytes).
    Removing ht32f1xxxx_usart.o(i.USART_SetGuardTime), (14 bytes).
    Removing ht32f1xxxx_usart.o(i.USART_SetIrDAPrescaler), (14 bytes).
    Removing ht32f1xxxx_usart.o(i.USART_SetTimeOutValue), (12 bytes).
    Removing ht32f1xxxx_usart.o(i.USART_StickParityCmd), (20 bytes).
    Removing ht32f1xxxx_usart.o(i.USART_StickParityConfig), (20 bytes).
    Removing ht32f1xxxx_usart.o(i.USART_StructInit), (20 bytes).
    Removing ht32f1xxxx_usart.o(i.USART_SynClockInit), (26 bytes).
    Removing ht32f1xxxx_usart.o(i.USART_SynClockStructInit), (12 bytes).
    Removing ht32f1xxxx_usart.o(i.USART_TXRXTLConfig), (20 bytes).
    Removing ht32f1xxxx_usart.o(i.USART_TxRxCmd), (20 bytes).
    Removing ht32f1xxxx_usbd.o(.rev16_text), (4 bytes).
    Removing ht32f1xxxx_usbd.o(.revsh_text), (4 bytes).
    Removing ht32f1xxxx_usbd.o(.rrx_text), (6 bytes).
    Removing ht32f1xxxx_usbd.o(i.USBD_ClearINT), (12 bytes).
    Removing ht32f1xxxx_usbd.o(i.USBD_DPWakeUpCmd), (28 bytes).
    Removing ht32f1xxxx_usbd.o(i.USBD_DPpullupCmd), (28 bytes).
    Removing ht32f1xxxx_usbd.o(i.USBD_DeInit), (12 bytes).
    Removing ht32f1xxxx_usbd.o(i.USBD_DisableINT), (16 bytes).
    Removing ht32f1xxxx_usbd.o(i.USBD_EPTClearDTG), (16 bytes).
    Removing ht32f1xxxx_usbd.o(i.USBD_EPTClearHalt), (16 bytes).
    Removing ht32f1xxxx_usbd.o(i.USBD_EPTClearINT), (12 bytes).
    Removing ht32f1xxxx_usbd.o(i.USBD_EPTEnableINT), (12 bytes).
    Removing ht32f1xxxx_usbd.o(i.USBD_EPTGetBuffer0Addr), (24 bytes).
    Removing ht32f1xxxx_usbd.o(i.USBD_EPTGetBuffer1Addr), (36 bytes).
    Removing ht32f1xxxx_usbd.o(i.USBD_EPTGetBufferLen), (14 bytes).
    Removing ht32f1xxxx_usbd.o(i.USBD_EPTGetHalt), (26 bytes).
    Removing ht32f1xxxx_usbd.o(i.USBD_EPTGetINT), (14 bytes).
    Removing ht32f1xxxx_usbd.o(i.USBD_EPTGetTransferCount), (18 bytes).
    Removing ht32f1xxxx_usbd.o(i.USBD_EPTInit), (38 bytes).
    Removing ht32f1xxxx_usbd.o(i.USBD_EPTReadMemory), (58 bytes).
    Removing ht32f1xxxx_usbd.o(i.USBD_EPTReadOUTData), (48 bytes).
    Removing ht32f1xxxx_usbd.o(i.USBD_EPTReset), (16 bytes).
    Removing ht32f1xxxx_usbd.o(i.USBD_EPTSendSTALL), (12 bytes).
    Removing ht32f1xxxx_usbd.o(i.USBD_EPTSetHalt), (20 bytes).
    Removing ht32f1xxxx_usbd.o(i.USBD_EPTWaitSTALLSent), (36 bytes).
    Removing ht32f1xxxx_usbd.o(i.USBD_EPTWriteINData), (72 bytes).
    Removing ht32f1xxxx_usbd.o(i.USBD_EnableINT), (16 bytes).
    Removing ht32f1xxxx_usbd.o(i.USBD_GetEPTnINTNumber), (32 bytes).
    Removing ht32f1xxxx_usbd.o(i.USBD_GetINT), (16 bytes).
    Removing ht32f1xxxx_usbd.o(i.USBD_Init), (4 bytes).
    Removing ht32f1xxxx_usbd.o(i.USBD_PowerOff), (16 bytes).
    Removing ht32f1xxxx_usbd.o(i.USBD_PowerOn), (16 bytes).
    Removing ht32f1xxxx_usbd.o(i.USBD_PowerUp), (116 bytes).
    Removing ht32f1xxxx_usbd.o(i.USBD_PreInit), (24 bytes).
    Removing ht32f1xxxx_usbd.o(i.USBD_ReadSETUPData), (16 bytes).
    Removing ht32f1xxxx_usbd.o(i.USBD_RemoteWakeup), (16 bytes).
    Removing ht32f1xxxx_usbd.o(i.USBD_SRAMResetConditionCmd), (28 bytes).
    Removing ht32f1xxxx_usbd.o(i.USBD_SetAddress), (20 bytes).
    Removing ht32f1xxxx_usbd.o(i._USBD_CopyMemory), (16 bytes).
    Removing ht32f1xxxx_usbd.o(i._USBD_GetEPTnAddr), (16 bytes).
    Removing ht32f1xxxx_usbd.o(.data), (4 bytes).
    Removing ht32f1xxxx_wdt.o(.rev16_text), (4 bytes).
    Removing ht32f1xxxx_wdt.o(.revsh_text), (4 bytes).
    Removing ht32f1xxxx_wdt.o(.rrx_text), (6 bytes).
    Removing ht32f1xxxx_wdt.o(i.WDT_Cmd), (28 bytes).
    Removing ht32f1xxxx_wdt.o(i.WDT_DeInit), (12 bytes).
    Removing ht32f1xxxx_wdt.o(i.WDT_GetDeltaValue), (16 bytes).
    Removing ht32f1xxxx_wdt.o(i.WDT_GetFlagStatus), (20 bytes).
    Removing ht32f1xxxx_wdt.o(i.WDT_GetPrescaler), (24 bytes).
    Removing ht32f1xxxx_wdt.o(i.WDT_GetReloadValue), (16 bytes).
    Removing ht32f1xxxx_wdt.o(i.WDT_HaltConfig), (24 bytes).
    Removing ht32f1xxxx_wdt.o(i.WDT_IntConfig), (28 bytes).
    Removing ht32f1xxxx_wdt.o(i.WDT_LockCmd), (32 bytes).
    Removing ht32f1xxxx_wdt.o(i.WDT_ProtectCmd), (24 bytes).
    Removing ht32f1xxxx_wdt.o(i.WDT_ResetCmd), (28 bytes).
    Removing ht32f1xxxx_wdt.o(i.WDT_Restart), (16 bytes).
    Removing ht32f1xxxx_wdt.o(i.WDT_SetDeltaValue), (20 bytes).
    Removing ht32f1xxxx_wdt.o(i.WDT_SetPrescaler), (20 bytes).
    Removing ht32f1xxxx_wdt.o(i.WDT_SetReloadValue), (20 bytes).
    Removing ht32f1xxxx_wdt.o(i.WDT_SourceConfig), (16 bytes).
    Removing ht32_retarget.o(.rev16_text), (4 bytes).
    Removing ht32_retarget.o(.revsh_text), (4 bytes).
    Removing ht32_retarget.o(.rrx_text), (6 bytes).
    Removing ht32_retarget.o(i.RETARGET_Configuration), (36 bytes).
    Removing ht32_retarget.o(i.__backspace), (4 bytes).
    Removing ht32_retarget.o(i._sys_exit), (2 bytes).
    Removing ht32_retarget.o(i._ttywrch), (4 bytes).
    Removing ht32_retarget.o(i.fgetc), (4 bytes).
    Removing ht32_retarget.o(i.fputc), (4 bytes).
    Removing ht32_retarget.o(.data), (4 bytes).
    Removing ht32_retarget.o(.data), (4 bytes).
    Removing ht32_serial.o(.rev16_text), (4 bytes).
    Removing ht32_serial.o(.revsh_text), (4 bytes).
    Removing ht32_serial.o(.rrx_text), (6 bytes).
    Removing ht32_serial.o(i.SERIAL_Flush), (2 bytes).
    Removing ht32_serial.o(i.SERIAL_GetChar), (28 bytes).
    Removing ht32_serial.o(i.SERIAL_PutChar), (32 bytes).
    Removing ht32_board.o(.rev16_text), (4 bytes).
    Removing ht32_board.o(.revsh_text), (4 bytes).
    Removing ht32_board.o(.rrx_text), (6 bytes).
    Removing ht32_board.o(i.HT32F_DVB_BuzzerFun), (288 bytes).
    Removing ht32_board.o(i.HT32F_DVB_BuzzerOutputCmd), (16 bytes).
    Removing ht32_board.o(i.HT32F_DVB_COMInit), (96 bytes).
    Removing ht32_board.o(i.HT32F_DVB_LEDInit), (88 bytes).
    Removing ht32_board.o(i.HT32F_DVB_LEDOff), (28 bytes).
    Removing ht32_board.o(i.HT32F_DVB_LEDOn), (28 bytes).
    Removing ht32_board.o(i.HT32F_DVB_LEDToggle), (32 bytes).
    Removing ht32_board.o(i.HT32F_DVB_PBGetState), (28 bytes).
    Removing ht32_board.o(i.HT32F_DVB_PBInit), (184 bytes).
    Removing ht32_board.o(i._HT32F_DVB_ClockConfig), (64 bytes).
    Removing ht32_board.o(.constdata), (80 bytes).
    Removing i2c_eeprom.o(.rev16_text), (4 bytes).
    Removing i2c_eeprom.o(.revsh_text), (4 bytes).
    Removing i2c_eeprom.o(.rrx_text), (6 bytes).
    Removing i2c_eeprom.o(i.I2C_EEPROM_BufferRead), (160 bytes).
    Removing i2c_eeprom.o(i.I2C_EEPROM_BufferWrite), (54 bytes).
    Removing i2c_eeprom.o(i.I2C_EEPROM_Init), (92 bytes).
    Removing i2c_eeprom.o(i.I2C_EEPROM_PageWrite), (96 bytes).
    Removing i2c_eeprom.o(i._I2C_EEPROM_AckPolling), (60 bytes).
    Removing spi_flash.o(.rev16_text), (4 bytes).
    Removing spi_flash.o(.revsh_text), (4 bytes).
    Removing spi_flash.o(.rrx_text), (6 bytes).
    Removing spi_flash.o(i.SPI_FLASH_BlockErase), (68 bytes).
    Removing spi_flash.o(i.SPI_FLASH_BufferDualRead), (108 bytes).
    Removing spi_flash.o(i.SPI_FLASH_BufferDualReadByDMA), (288 bytes).
    Removing spi_flash.o(i.SPI_FLASH_BufferRead), (80 bytes).
    Removing spi_flash.o(i.SPI_FLASH_BufferReadByDMA), (260 bytes).
    Removing spi_flash.o(i.SPI_FLASH_BufferWriteBy), (192 bytes).
    Removing spi_flash.o(i.SPI_FLASH_ChipErase), (44 bytes).
    Removing spi_flash.o(i.SPI_FLASH_Init), (144 bytes).
    Removing spi_flash.o(i.SPI_FLASH_PageWrite), (88 bytes).
    Removing spi_flash.o(i.SPI_FLASH_PageWriteByDMA), (264 bytes).
    Removing spi_flash.o(i.SPI_FLASH_ReadJEDECID), (68 bytes).
    Removing spi_flash.o(i.SPI_FLASH_SectorErase), (68 bytes).
    Removing spi_flash.o(i.SPI_FLASH_SendByte), (50 bytes).
    Removing spi_flash.o(i.SPI_FLASH_WaitForWriteEnd), (44 bytes).
    Removing spi_flash.o(i.SPI_FLASH_WriteDisable), (36 bytes).
    Removing spi_flash.o(i.SPI_FLASH_WriteEnable), (36 bytes).
    Removing spi_flash.o(i.SPI_FLASH_WriteStatus), (48 bytes).
    Removing ebi_lcd.o(.rev16_text), (4 bytes).
    Removing ebi_lcd.o(.revsh_text), (4 bytes).
    Removing ebi_lcd.o(.rrx_text), (6 bytes).
    Removing ebi_lcd.o(i.LCD_BackColorSet), (12 bytes).
    Removing ebi_lcd.o(i.LCD_CharDisplay), (20 bytes).
    Removing ebi_lcd.o(i.LCD_CharDraw), (96 bytes).
    Removing ebi_lcd.o(i.LCD_CircleDraw), (204 bytes).
    Removing ebi_lcd.o(i.LCD_Clear), (32 bytes).
    Removing ebi_lcd.o(i.LCD_Config), (640 bytes).
    Removing ebi_lcd.o(i.LCD_DisplayOff), (8 bytes).
    Removing ebi_lcd.o(i.LCD_DisplayOn), (8 bytes).
    Removing ebi_lcd.o(i.LCD_Init), (340 bytes).
    Removing ebi_lcd.o(i.LCD_LineDraw), (76 bytes).
    Removing ebi_lcd.o(i.LCD_PicDraw), (84 bytes).
    Removing ebi_lcd.o(i.LCD_ReadReg), (10 bytes).
    Removing ebi_lcd.o(i.LCD_RectDraw), (60 bytes).
    Removing ebi_lcd.o(i.LCD_SetDisplayArea), (84 bytes).
    Removing ebi_lcd.o(i.LCD_StarterSet), (46 bytes).
    Removing ebi_lcd.o(i.LCD_StringLineDisplay), (40 bytes).
    Removing ebi_lcd.o(i.LCD_TextColorSet), (12 bytes).
    Removing ebi_lcd.o(i.LCD_WriteRAM), (8 bytes).
    Removing ebi_lcd.o(i.LCD_WriteRAMPrior), (10 bytes).
    Removing ebi_lcd.o(i.LCD_WriteRAMWord), (12 bytes).
    Removing ebi_lcd.o(i.LCD_WriteReg), (10 bytes).
    Removing ebi_lcd.o(i._delay), (28 bytes).
    Removing ebi_lcd.o(.constdata), (4560 bytes).
    Removing ebi_lcd.o(.data), (4 bytes).

601 unused section(s) (total 21869 bytes) removed from the image.

==============================================================================

Image Symbol Table

    Local Symbols

    Symbol Name                              Value     Ov Type        Size  Object(Section)

    RESET                                    0x00000000   Section      376  startup_ht32f1xxxx_01.o(RESET)
    ../clib/microlib/init/entry.s            0x00000000   Number         0  entry9b.o ABSOLUTE
    ../clib/microlib/init/entry.s            0x00000000   Number         0  entry9a.o ABSOLUTE
    ../clib/microlib/init/entry.s            0x00000000   Number         0  entry8b.o ABSOLUTE
    ../clib/microlib/init/entry.s            0x00000000   Number         0  entry8a.o ABSOLUTE
    ../clib/microlib/init/entry.s            0x00000000   Number         0  entry7b.o ABSOLUTE
    ../clib/microlib/init/entry.s            0x00000000   Number         0  entry11b.o ABSOLUTE
    ../clib/microlib/init/entry.s            0x00000000   Number         0  entry5.o ABSOLUTE
    ../clib/microlib/init/entry.s            0x00000000   Number         0  entry2.o ABSOLUTE
    ../clib/microlib/init/entry.s            0x00000000   Number         0  entry.o ABSOLUTE
    ../clib/microlib/init/entry.s            0x00000000   Number         0  entry7a.o ABSOLUTE
    ../clib/microlib/init/entry.s            0x00000000   Number         0  entry11a.o ABSOLUTE
    ../clib/microlib/init/entry.s            0x00000000   Number         0  entry10b.o ABSOLUTE
    ../clib/microlib/init/entry.s            0x00000000   Number         0  entry10a.o ABSOLUTE
    ../clib/microlib/stubs.s                 0x00000000   Number         0  useno.o ABSOLUTE
    ..\..\..\..\library\HT32F1xxxx_Driver\src\ht32_cm3_misc.c 0x00000000   Number         0  ht32_cm3_misc.o ABSOLUTE
    ..\..\..\..\library\HT32F1xxxx_Driver\src\ht32_retarget.c 0x00000000   Number         0  ht32_retarget.o ABSOLUTE
    ..\..\..\..\library\HT32F1xxxx_Driver\src\ht32_serial.c 0x00000000   Number         0  ht32_serial.o ABSOLUTE
    ..\..\..\..\library\HT32F1xxxx_Driver\src\ht32f1xxxx_adc.c 0x00000000   Number         0  ht32f1xxxx_adc.o ABSOLUTE
    ..\..\..\..\library\HT32F1xxxx_Driver\src\ht32f1xxxx_bftm.c 0x00000000   Number         0  ht32f1xxxx_bftm.o ABSOLUTE
    ..\..\..\..\library\HT32F1xxxx_Driver\src\ht32f1xxxx_ckcu.c 0x00000000   Number         0  ht32f1xxxx_ckcu.o ABSOLUTE
    ..\..\..\..\library\HT32F1xxxx_Driver\src\ht32f1xxxx_cmp_op.c 0x00000000   Number         0  ht32f1xxxx_cmp_op.o ABSOLUTE
    ..\..\..\..\library\HT32F1xxxx_Driver\src\ht32f1xxxx_crc.c 0x00000000   Number         0  ht32f1xxxx_crc.o ABSOLUTE
    ..\..\..\..\library\HT32F1xxxx_Driver\src\ht32f1xxxx_ebi.c 0x00000000   Number         0  ht32f1xxxx_ebi.o ABSOLUTE
    ..\..\..\..\library\HT32F1xxxx_Driver\src\ht32f1xxxx_exti.c 0x00000000   Number         0  ht32f1xxxx_exti.o ABSOLUTE
    ..\..\..\..\library\HT32F1xxxx_Driver\src\ht32f1xxxx_flash.c 0x00000000   Number         0  ht32f1xxxx_flash.o ABSOLUTE
    ..\..\..\..\library\HT32F1xxxx_Driver\src\ht32f1xxxx_gpio.c 0x00000000   Number         0  ht32f1xxxx_gpio.o ABSOLUTE
    ..\..\..\..\library\HT32F1xxxx_Driver\src\ht32f1xxxx_i2c.c 0x00000000   Number         0  ht32f1xxxx_i2c.o ABSOLUTE
    ..\..\..\..\library\HT32F1xxxx_Driver\src\ht32f1xxxx_i2s.c 0x00000000   Number         0  ht32f1xxxx_i2s.o ABSOLUTE
    ..\..\..\..\library\HT32F1xxxx_Driver\src\ht32f1xxxx_mctm.c 0x00000000   Number         0  ht32f1xxxx_mctm.o ABSOLUTE
    ..\..\..\..\library\HT32F1xxxx_Driver\src\ht32f1xxxx_pdma.c 0x00000000   Number         0  ht32f1xxxx_pdma.o ABSOLUTE
    ..\..\..\..\library\HT32F1xxxx_Driver\src\ht32f1xxxx_pwrcu.c 0x00000000   Number         0  ht32f1xxxx_pwrcu.o ABSOLUTE
    ..\..\..\..\library\HT32F1xxxx_Driver\src\ht32f1xxxx_rstcu.c 0x00000000   Number         0  ht32f1xxxx_rstcu.o ABSOLUTE
    ..\..\..\..\library\HT32F1xxxx_Driver\src\ht32f1xxxx_rtc.c 0x00000000   Number         0  ht32f1xxxx_rtc.o ABSOLUTE
    ..\..\..\..\library\HT32F1xxxx_Driver\src\ht32f1xxxx_sci.c 0x00000000   Number         0  ht32f1xxxx_sci.o ABSOLUTE
    ..\..\..\..\library\HT32F1xxxx_Driver\src\ht32f1xxxx_spi.c 0x00000000   Number         0  ht32f1xxxx_spi.o ABSOLUTE
    ..\..\..\..\library\HT32F1xxxx_Driver\src\ht32f1xxxx_tm.c 0x00000000   Number         0  ht32f1xxxx_tm.o ABSOLUTE
    ..\..\..\..\library\HT32F1xxxx_Driver\src\ht32f1xxxx_usart.c 0x00000000   Number         0  ht32f1xxxx_usart.o ABSOLUTE
    ..\..\..\..\library\HT32F1xxxx_Driver\src\ht32f1xxxx_usbd.c 0x00000000   Number         0  ht32f1xxxx_usbd.o ABSOLUTE
    ..\..\..\..\library\HT32F1xxxx_Driver\src\ht32f1xxxx_wdt.c 0x00000000   Number         0  ht32f1xxxx_wdt.o ABSOLUTE
    ..\..\..\..\library\HT32_USBD_Library\src\ht32_usbd_core.c 0x00000000   Number         0  ht32_usbd_core.o ABSOLUTE
    ..\..\..\..\utilities\common\ebi_lcd.c   0x00000000   Number         0  ebi_lcd.o ABSOLUTE
    ..\..\..\..\utilities\common\i2c_eeprom.c 0x00000000   Number         0  i2c_eeprom.o ABSOLUTE
    ..\..\..\..\utilities\common\spi_flash.c 0x00000000   Number         0  spi_flash.o ABSOLUTE
    ..\..\..\..\utilities\ht32_board.c       0x00000000   Number         0  ht32_board.o ABSOLUTE
    ..\\..\\..\\..\\library\\HT32F1xxxx_Driver\\src\\ht32_cm3_misc.c 0x00000000   Number         0  ht32_cm3_misc.o ABSOLUTE
    ..\\..\\..\\..\\library\\HT32F1xxxx_Driver\\src\\ht32_retarget.c 0x00000000   Number         0  ht32_retarget.o ABSOLUTE
    ..\\..\\..\\..\\library\\HT32F1xxxx_Driver\\src\\ht32_serial.c 0x00000000   Number         0  ht32_serial.o ABSOLUTE
    ..\\..\\..\\..\\library\\HT32F1xxxx_Driver\\src\\ht32f1xxxx_adc.c 0x00000000   Number         0  ht32f1xxxx_adc.o ABSOLUTE
    ..\\..\\..\\..\\library\\HT32F1xxxx_Driver\\src\\ht32f1xxxx_bftm.c 0x00000000   Number         0  ht32f1xxxx_bftm.o ABSOLUTE
    ..\\..\\..\\..\\library\\HT32F1xxxx_Driver\\src\\ht32f1xxxx_ckcu.c 0x00000000   Number         0  ht32f1xxxx_ckcu.o ABSOLUTE
    ..\\..\\..\\..\\library\\HT32F1xxxx_Driver\\src\\ht32f1xxxx_cmp_op.c 0x00000000   Number         0  ht32f1xxxx_cmp_op.o ABSOLUTE
    ..\\..\\..\\..\\library\\HT32F1xxxx_Driver\\src\\ht32f1xxxx_crc.c 0x00000000   Number         0  ht32f1xxxx_crc.o ABSOLUTE
    ..\\..\\..\\..\\library\\HT32F1xxxx_Driver\\src\\ht32f1xxxx_ebi.c 0x00000000   Number         0  ht32f1xxxx_ebi.o ABSOLUTE
    ..\\..\\..\\..\\library\\HT32F1xxxx_Driver\\src\\ht32f1xxxx_exti.c 0x00000000   Number         0  ht32f1xxxx_exti.o ABSOLUTE
    ..\\..\\..\\..\\library\\HT32F1xxxx_Driver\\src\\ht32f1xxxx_flash.c 0x00000000   Number         0  ht32f1xxxx_flash.o ABSOLUTE
    ..\\..\\..\\..\\library\\HT32F1xxxx_Driver\\src\\ht32f1xxxx_gpio.c 0x00000000   Number         0  ht32f1xxxx_gpio.o ABSOLUTE
    ..\\..\\..\\..\\library\\HT32F1xxxx_Driver\\src\\ht32f1xxxx_i2c.c 0x00000000   Number         0  ht32f1xxxx_i2c.o ABSOLUTE
    ..\\..\\..\\..\\library\\HT32F1xxxx_Driver\\src\\ht32f1xxxx_i2s.c 0x00000000   Number         0  ht32f1xxxx_i2s.o ABSOLUTE
    ..\\..\\..\\..\\library\\HT32F1xxxx_Driver\\src\\ht32f1xxxx_mctm.c 0x00000000   Number         0  ht32f1xxxx_mctm.o ABSOLUTE
    ..\\..\\..\\..\\library\\HT32F1xxxx_Driver\\src\\ht32f1xxxx_pdma.c 0x00000000   Number         0  ht32f1xxxx_pdma.o ABSOLUTE
    ..\\..\\..\\..\\library\\HT32F1xxxx_Driver\\src\\ht32f1xxxx_pwrcu.c 0x00000000   Number         0  ht32f1xxxx_pwrcu.o ABSOLUTE
    ..\\..\\..\\..\\library\\HT32F1xxxx_Driver\\src\\ht32f1xxxx_rstcu.c 0x00000000   Number         0  ht32f1xxxx_rstcu.o ABSOLUTE
    ..\\..\\..\\..\\library\\HT32F1xxxx_Driver\\src\\ht32f1xxxx_rtc.c 0x00000000   Number         0  ht32f1xxxx_rtc.o ABSOLUTE
    ..\\..\\..\\..\\library\\HT32F1xxxx_Driver\\src\\ht32f1xxxx_sci.c 0x00000000   Number         0  ht32f1xxxx_sci.o ABSOLUTE
    ..\\..\\..\\..\\library\\HT32F1xxxx_Driver\\src\\ht32f1xxxx_spi.c 0x00000000   Number         0  ht32f1xxxx_spi.o ABSOLUTE
    ..\\..\\..\\..\\library\\HT32F1xxxx_Driver\\src\\ht32f1xxxx_tm.c 0x00000000   Number         0  ht32f1xxxx_tm.o ABSOLUTE
    ..\\..\\..\\..\\library\\HT32F1xxxx_Driver\\src\\ht32f1xxxx_usart.c 0x00000000   Number         0  ht32f1xxxx_usart.o ABSOLUTE
    ..\\..\\..\\..\\library\\HT32F1xxxx_Driver\\src\\ht32f1xxxx_usbd.c 0x00000000   Number         0  ht32f1xxxx_usbd.o ABSOLUTE
    ..\\..\\..\\..\\library\\HT32F1xxxx_Driver\\src\\ht32f1xxxx_wdt.c 0x00000000   Number         0  ht32f1xxxx_wdt.o ABSOLUTE
    ..\\..\\..\\..\\library\\HT32_USBD_Library\\src\\ht32_usbd_core.c 0x00000000   Number         0  ht32_usbd_core.o ABSOLUTE
    ..\\..\\..\\..\\utilities\\common\\ebi_lcd.c 0x00000000   Number         0  ebi_lcd.o ABSOLUTE
    ..\\..\\..\\..\\utilities\\common\\i2c_eeprom.c 0x00000000   Number         0  i2c_eeprom.o ABSOLUTE
    ..\\..\\..\\..\\utilities\\common\\spi_flash.c 0x00000000   Number         0  spi_flash.o ABSOLUTE
    ..\\..\\..\\..\\utilities\\ht32_board.c  0x00000000   Number         0  ht32_board.o ABSOLUTE
    ..\\ht32f1xxxx_01_it.c                   0x00000000   Number         0  ht32f1xxxx_01_it.o ABSOLUTE
    ..\\main.c                               0x00000000   Number         0  main.o ABSOLUTE
    ..\\system_ht32f1xxxx_01.c               0x00000000   Number         0  system_ht32f1xxxx_01.o ABSOLUTE
    ..\ht32f1xxxx_01_it.c                    0x00000000   Number         0  ht32f1xxxx_01_it.o ABSOLUTE
    ..\main.c                                0x00000000   Number         0  main.o ABSOLUTE
    ..\system_ht32f1xxxx_01.c                0x00000000   Number         0  system_ht32f1xxxx_01.o ABSOLUTE
    dc.s                                     0x00000000   Number         0  dc.o ABSOLUTE
    handlers.s                               0x00000000   Number         0  handlers.o ABSOLUTE
    ht32_op.s                                0x00000000   Number         0  ht32_op.o ABSOLUTE
    init.s                                   0x00000000   Number         0  init.o ABSOLUTE
    startup_ht32f1xxxx_01.s                  0x00000000   Number         0  startup_ht32f1xxxx_01.o ABSOLUTE
    .ARM.Collect$$$$00000000                 0x00000178   Section        0  entry.o(.ARM.Collect$$$$00000000)
    .ARM.Collect$$$$00000001                 0x00000178   Section        4  entry2.o(.ARM.Collect$$$$00000001)
    .ARM.Collect$$$$00000004                 0x0000017c   Section        4  entry5.o(.ARM.Collect$$$$00000004)
    .ARM.Collect$$$$00000008                 0x00000180   Section        0  entry7b.o(.ARM.Collect$$$$00000008)
    .ARM.Collect$$$$0000000A                 0x00000180   Section        0  entry8b.o(.ARM.Collect$$$$0000000A)
    .ARM.Collect$$$$0000000B                 0x00000180   Section        8  entry9a.o(.ARM.Collect$$$$0000000B)
    .ARM.Collect$$$$0000000D                 0x00000188   Section        0  entry10a.o(.ARM.Collect$$$$0000000D)
    .ARM.Collect$$$$0000000F                 0x00000188   Section        0  entry11a.o(.ARM.Collect$$$$0000000F)
    .ARM.Collect$$$$00002712                 0x00000188   Section        4  entry2.o(.ARM.Collect$$$$00002712)
    __lit__00000000                          0x00000188   Data           4  entry2.o(.ARM.Collect$$$$00002712)
    .text                                    0x0000018c   Section       36  init.o(.text)
    i.AFIO_GPxConfig                         0x000001b0   Section        0  ht32f1xxxx_gpio.o(i.AFIO_GPxConfig)
    i.BusFault_Handler                       0x00000214   Section        0  ht32f1xxxx_01_it.o(i.BusFault_Handler)
    i.CKCU_PeripClockConfig                  0x00000218   Section        0  ht32f1xxxx_ckcu.o(i.CKCU_PeripClockConfig)
    i.DebugMon_Handler                       0x0000023c   Section        0  ht32f1xxxx_01_it.o(i.DebugMon_Handler)
    i.Delay                                  0x0000023e   Section        0  main.o(i.Delay)
    i.GPIO_DirectionConfig                   0x00000256   Section        0  ht32f1xxxx_gpio.o(i.GPIO_DirectionConfig)
    i.GPIO_InputConfig                       0x00000266   Section        0  ht32f1xxxx_gpio.o(i.GPIO_InputConfig)
    i.GPIO_PullResistorConfig                0x00000276   Section        0  ht32f1xxxx_gpio.o(i.GPIO_PullResistorConfig)
    i.GPIO_WriteOutBits                      0x0000029e   Section        0  ht32f1xxxx_gpio.o(i.GPIO_WriteOutBits)
    i.HardFault_Handler                      0x000002a8   Section        0  ht32f1xxxx_01_it.o(i.HardFault_Handler)
    i.MemManage_Handler                      0x000002b8   Section        0  ht32f1xxxx_01_it.o(i.MemManage_Handler)
    i.NMI_Handler                            0x000002ba   Section        0  ht32f1xxxx_01_it.o(i.NMI_Handler)
    i.PWRCU_CheckReadyAccessed               0x000002bc   Section        0  ht32f1xxxx_pwrcu.o(i.PWRCU_CheckReadyAccessed)
    i.PendSV_Handler                         0x00000304   Section        0  ht32f1xxxx_01_it.o(i.PendSV_Handler)
    i.SVC_Handler                            0x00000306   Section        0  ht32f1xxxx_01_it.o(i.SVC_Handler)
    i.SysTick_Handler                        0x00000308   Section        0  ht32f1xxxx_01_it.o(i.SysTick_Handler)
    i.SystemInit                             0x0000030c   Section        0  system_ht32f1xxxx_01.o(i.SystemInit)
    i.UsageFault_Handler                     0x000003d4   Section        0  ht32f1xxxx_01_it.o(i.UsageFault_Handler)
    i.__scatterload_copy                     0x000003d6   Section       14  handlers.o(i.__scatterload_copy)
    i.__scatterload_null                     0x000003e4   Section        2  handlers.o(i.__scatterload_null)
    i.__scatterload_zeroinit                 0x000003e6   Section       14  handlers.o(i.__scatterload_zeroinit)
    i.main                                   0x000003f4   Section        0  main.o(i.main)
    .data                                    0x20000000   Section        4  ht32f1xxxx_01_it.o(.data)
    gIsContinue                              0x20000000   Data           4  ht32f1xxxx_01_it.o(.data)
    STACK                                    0x20000008   Section      512  startup_ht32f1xxxx_01.o(STACK)

    Global Symbols

    Symbol Name                              Value     Ov Type        Size  Object(Section)

    BuildAttributes$$THM_ISAv4$P$D$K$B$S$PE$A:L22UL41UL21$X:L11$S22US41US21$IEEE1$IW$USESV6$~STKCKD$USESV7$~SHL$OSPACE$EBA8$MICROLIB$REQ8$PRES8$EABIv2 0x00000000   Number         0  anon$$obj.o ABSOLUTE
    __ARM_use_no_argv                        0x00000000   Number         0  main.o ABSOLUTE
    __Vectors                                0x00000000   Data           0  startup_ht32f1xxxx_01.o(RESET)
    __use_no_errno                           0x00000000   Number         0  useno.o ABSOLUTE
    __use_no_exception_handling              0x00000000   Number         0  useno.o ABSOLUTE
    __use_no_fp                              0x00000000   Number         0  useno.o ABSOLUTE
    __use_no_heap                            0x00000000   Number         0  useno.o ABSOLUTE
    __use_no_heap_region                     0x00000000   Number         0  useno.o ABSOLUTE
    __use_no_semihosting                     0x00000000   Number         0  useno.o ABSOLUTE
    __use_no_semihosting_swi                 0x00000000   Number         0  useno.o ABSOLUTE
    __use_no_signal_handling                 0x00000000   Number         0  useno.o ABSOLUTE
    __cpp_initialize__aeabi_                  - Undefined Weak Reference
    __cxa_finalize                            - Undefined Weak Reference
    __decompress                              - Undefined Weak Reference
    _clock_init                               - Undefined Weak Reference
    _microlib_exit                            - Undefined Weak Reference
    Reset_Handler                            0x00000155   Thumb Code     8  startup_ht32f1xxxx_01.o(RESET)
    ADC_IRQHandler                           0x0000016f   Thumb Code     0  startup_ht32f1xxxx_01.o(RESET)
    AES_IRQHandler                           0x0000016f   Thumb Code     0  startup_ht32f1xxxx_01.o(RESET)
    BFTM0_IRQHandler                         0x0000016f   Thumb Code     0  startup_ht32f1xxxx_01.o(RESET)
    BFTM1_IRQHandler                         0x0000016f   Thumb Code     0  startup_ht32f1xxxx_01.o(RESET)
    BOD_IRQHandler                           0x0000016f   Thumb Code     0  startup_ht32f1xxxx_01.o(RESET)
    CKRDY_IRQHandler                         0x0000016f   Thumb Code     0  startup_ht32f1xxxx_01.o(RESET)
    COMP_IRQHandler                          0x0000016f   Thumb Code     0  startup_ht32f1xxxx_01.o(RESET)
    CSIF_IRQHandler                          0x0000016f   Thumb Code     0  startup_ht32f1xxxx_01.o(RESET)
    EBI_IRQHandler                           0x0000016f   Thumb Code     0  startup_ht32f1xxxx_01.o(RESET)
    EVWUP_IRQHandler                         0x0000016f   Thumb Code     0  startup_ht32f1xxxx_01.o(RESET)
    EXTI0_IRQHandler                         0x0000016f   Thumb Code     0  startup_ht32f1xxxx_01.o(RESET)
    EXTI10_IRQHandler                        0x0000016f   Thumb Code     0  startup_ht32f1xxxx_01.o(RESET)
    EXTI11_IRQHandler                        0x0000016f   Thumb Code     0  startup_ht32f1xxxx_01.o(RESET)
    EXTI12_IRQHandler                        0x0000016f   Thumb Code     0  startup_ht32f1xxxx_01.o(RESET)
    EXTI13_IRQHandler                        0x0000016f   Thumb Code     0  startup_ht32f1xxxx_01.o(RESET)
    EXTI14_IRQHandler                        0x0000016f   Thumb Code     0  startup_ht32f1xxxx_01.o(RESET)
    EXTI15_IRQHandler                        0x0000016f   Thumb Code     0  startup_ht32f1xxxx_01.o(RESET)
    EXTI1_IRQHandler                         0x0000016f   Thumb Code     0  startup_ht32f1xxxx_01.o(RESET)
    EXTI2_IRQHandler                         0x0000016f   Thumb Code     0  startup_ht32f1xxxx_01.o(RESET)
    EXTI3_IRQHandler                         0x0000016f   Thumb Code     0  startup_ht32f1xxxx_01.o(RESET)
    EXTI4_IRQHandler                         0x0000016f   Thumb Code     0  startup_ht32f1xxxx_01.o(RESET)
    EXTI5_IRQHandler                         0x0000016f   Thumb Code     0  startup_ht32f1xxxx_01.o(RESET)
    EXTI6_IRQHandler                         0x0000016f   Thumb Code     0  startup_ht32f1xxxx_01.o(RESET)
    EXTI7_IRQHandler                         0x0000016f   Thumb Code     0  startup_ht32f1xxxx_01.o(RESET)
    EXTI8_IRQHandler                         0x0000016f   Thumb Code     0  startup_ht32f1xxxx_01.o(RESET)
    EXTI9_IRQHandler                         0x0000016f   Thumb Code     0  startup_ht32f1xxxx_01.o(RESET)
    FLASH_IRQHandler                         0x0000016f   Thumb Code     0  startup_ht32f1xxxx_01.o(RESET)
    GPTM0_IRQHandler                         0x0000016f   Thumb Code     0  startup_ht32f1xxxx_01.o(RESET)
    GPTM1_IRQHandler                         0x0000016f   Thumb Code     0  startup_ht32f1xxxx_01.o(RESET)
    I2C0_IRQHandler                          0x0000016f   Thumb Code     0  startup_ht32f1xxxx_01.o(RESET)
    I2C1_IRQHandler                          0x0000016f   Thumb Code     0  startup_ht32f1xxxx_01.o(RESET)
    I2S_IRQHandler                           0x0000016f   Thumb Code     0  startup_ht32f1xxxx_01.o(RESET)
    LPWUP_IRQHandler                         0x0000016f   Thumb Code     0  startup_ht32f1xxxx_01.o(RESET)
    LVD_IRQHandler                           0x0000016f   Thumb Code     0  startup_ht32f1xxxx_01.o(RESET)
    MCTM0BRK_IRQHandler                      0x0000016f   Thumb Code     0  startup_ht32f1xxxx_01.o(RESET)
    MCTM0CC_IRQHandler                       0x0000016f   Thumb Code     0  startup_ht32f1xxxx_01.o(RESET)
    MCTM0TR_IRQHandler                       0x0000016f   Thumb Code     0  startup_ht32f1xxxx_01.o(RESET)
    MCTM0UP_IRQHandler                       0x0000016f   Thumb Code     0  startup_ht32f1xxxx_01.o(RESET)
    MCTM1BRK_IRQHandler                      0x0000016f   Thumb Code     0  startup_ht32f1xxxx_01.o(RESET)
    MCTM1CC_IRQHandler                       0x0000016f   Thumb Code     0  startup_ht32f1xxxx_01.o(RESET)
    MCTM1TR_IRQHandler                       0x0000016f   Thumb Code     0  startup_ht32f1xxxx_01.o(RESET)
    MCTM1UP_IRQHandler                       0x0000016f   Thumb Code     0  startup_ht32f1xxxx_01.o(RESET)
    PDMA_CH0_IRQHandler                      0x0000016f   Thumb Code     0  startup_ht32f1xxxx_01.o(RESET)
    PDMA_CH10_IRQHandler                     0x0000016f   Thumb Code     0  startup_ht32f1xxxx_01.o(RESET)
    PDMA_CH11_IRQHandler                     0x0000016f   Thumb Code     0  startup_ht32f1xxxx_01.o(RESET)
    PDMA_CH1_IRQHandler                      0x0000016f   Thumb Code     0  startup_ht32f1xxxx_01.o(RESET)
    PDMA_CH2_IRQHandler                      0x0000016f   Thumb Code     0  startup_ht32f1xxxx_01.o(RESET)
    PDMA_CH3_IRQHandler                      0x0000016f   Thumb Code     0  startup_ht32f1xxxx_01.o(RESET)
    PDMA_CH4_IRQHandler                      0x0000016f   Thumb Code     0  startup_ht32f1xxxx_01.o(RESET)
    PDMA_CH5_IRQHandler                      0x0000016f   Thumb Code     0  startup_ht32f1xxxx_01.o(RESET)
    PDMA_CH6_IRQHandler                      0x0000016f   Thumb Code     0  startup_ht32f1xxxx_01.o(RESET)
    PDMA_CH7_IRQHandler                      0x0000016f   Thumb Code     0  startup_ht32f1xxxx_01.o(RESET)
    PDMA_CH8_IRQHandler                      0x0000016f   Thumb Code     0  startup_ht32f1xxxx_01.o(RESET)
    PDMA_CH9_IRQHandler                      0x0000016f   Thumb Code     0  startup_ht32f1xxxx_01.o(RESET)
    RTC_IRQHandler                           0x0000016f   Thumb Code     0  startup_ht32f1xxxx_01.o(RESET)
    SCI_IRQHandler                           0x0000016f   Thumb Code     0  startup_ht32f1xxxx_01.o(RESET)
    SDIO_IRQHandler                          0x0000016f   Thumb Code     0  startup_ht32f1xxxx_01.o(RESET)
    SPI0_IRQHandler                          0x0000016f   Thumb Code     0  startup_ht32f1xxxx_01.o(RESET)
    SPI1_IRQHandler                          0x0000016f   Thumb Code     0  startup_ht32f1xxxx_01.o(RESET)
    UART0_IRQHandler                         0x0000016f   Thumb Code     0  startup_ht32f1xxxx_01.o(RESET)
    UART1_IRQHandler                         0x0000016f   Thumb Code     0  startup_ht32f1xxxx_01.o(RESET)
    USART0_IRQHandler                        0x0000016f   Thumb Code     0  startup_ht32f1xxxx_01.o(RESET)
    USART1_IRQHandler                        0x0000016f   Thumb Code     0  startup_ht32f1xxxx_01.o(RESET)
    USB_IRQHandler                           0x0000016f   Thumb Code     0  startup_ht32f1xxxx_01.o(RESET)
    WDT_IRQHandler                           0x0000016f   Thumb Code     0  startup_ht32f1xxxx_01.o(RESET)
    __main                                   0x00000179   Thumb Code     0  entry.o(.ARM.Collect$$$$00000000)
    _main_stk                                0x00000179   Thumb Code     0  entry2.o(.ARM.Collect$$$$00000001)
    _main_scatterload                        0x0000017d   Thumb Code     0  entry5.o(.ARM.Collect$$$$00000004)
    __main_after_scatterload                 0x00000181   Thumb Code     0  entry5.o(.ARM.Collect$$$$00000004)
    _main_clock                              0x00000181   Thumb Code     0  entry7b.o(.ARM.Collect$$$$00000008)
    _main_cpp_init                           0x00000181   Thumb Code     0  entry8b.o(.ARM.Collect$$$$0000000A)
    _main_init                               0x00000181   Thumb Code     0  entry9a.o(.ARM.Collect$$$$0000000B)
    __rt_final_cpp                           0x00000189   Thumb Code     0  entry10a.o(.ARM.Collect$$$$0000000D)
    __rt_final_exit                          0x00000189   Thumb Code     0  entry11a.o(.ARM.Collect$$$$0000000F)
    __scatterload                            0x0000018d   Thumb Code    28  init.o(.text)
    __scatterload_rt2                        0x0000018d   Thumb Code     0  init.o(.text)
    AFIO_GPxConfig                           0x000001b1   Thumb Code    94  ht32f1xxxx_gpio.o(i.AFIO_GPxConfig)
    BusFault_Handler                         0x00000215   Thumb Code     2  ht32f1xxxx_01_it.o(i.BusFault_Handler)
    CKCU_PeripClockConfig                    0x00000219   Thumb Code    32  ht32f1xxxx_ckcu.o(i.CKCU_PeripClockConfig)
    DebugMon_Handler                         0x0000023d   Thumb Code     2  ht32f1xxxx_01_it.o(i.DebugMon_Handler)
    Delay                                    0x0000023f   Thumb Code    24  main.o(i.Delay)
    GPIO_DirectionConfig                     0x00000257   Thumb Code    16  ht32f1xxxx_gpio.o(i.GPIO_DirectionConfig)
    GPIO_InputConfig                         0x00000267   Thumb Code    16  ht32f1xxxx_gpio.o(i.GPIO_InputConfig)
    GPIO_PullResistorConfig                  0x00000277   Thumb Code    40  ht32f1xxxx_gpio.o(i.GPIO_PullResistorConfig)
    GPIO_WriteOutBits                        0x0000029f   Thumb Code    10  ht32f1xxxx_gpio.o(i.GPIO_WriteOutBits)
    HardFault_Handler                        0x000002a9   Thumb Code    10  ht32f1xxxx_01_it.o(i.HardFault_Handler)
    MemManage_Handler                        0x000002b9   Thumb Code     2  ht32f1xxxx_01_it.o(i.MemManage_Handler)
    NMI_Handler                              0x000002bb   Thumb Code     2  ht32f1xxxx_01_it.o(i.NMI_Handler)
    PWRCU_CheckReadyAccessed                 0x000002bd   Thumb Code    60  ht32f1xxxx_pwrcu.o(i.PWRCU_CheckReadyAccessed)
    PendSV_Handler                           0x00000305   Thumb Code     2  ht32f1xxxx_01_it.o(i.PendSV_Handler)
    SVC_Handler                              0x00000307   Thumb Code     2  ht32f1xxxx_01_it.o(i.SVC_Handler)
    SysTick_Handler                          0x00000309   Thumb Code     2  ht32f1xxxx_01_it.o(i.SysTick_Handler)
    SystemInit                               0x0000030d   Thumb Code   174  system_ht32f1xxxx_01.o(i.SystemInit)
    UsageFault_Handler                       0x000003d5   Thumb Code     2  ht32f1xxxx_01_it.o(i.UsageFault_Handler)
    __scatterload_copy                       0x000003d7   Thumb Code    14  handlers.o(i.__scatterload_copy)
    __scatterload_null                       0x000003e5   Thumb Code     2  handlers.o(i.__scatterload_null)
    __scatterload_zeroinit                   0x000003e7   Thumb Code    14  handlers.o(i.__scatterload_zeroinit)
    main                                     0x000003f5   Thumb Code   270  main.o(i.main)
    Region$$Table$$Base                      0x00000518   Number         0  anon$$obj.o(Region$$Table)
    Region$$Table$$Limit                     0x00000538   Number         0  anon$$obj.o(Region$$Table)
    __initial_sp                             0x20000208   Data           0  startup_ht32f1xxxx_01.o(STACK)



==============================================================================

Memory Map of the image

  Image Entry point : 0x00000155

  Load Region LR_1 (Base: 0x00000000, Size: 0x0000053c, Max: 0xffffffff, ABSOLUTE)

    Execution Region ER_RO (Exec base: 0x00000000, Load base: 0x00000000, Size: 0x00000538, Max: 0xffffffff, ABSOLUTE)

    Exec Addr    Load Addr    Size         Type   Attr      Idx    E Section Name        Object

    0x00000000   0x00000000   0x00000178   Code   RO          291  * RESET               startup_ht32f1xxxx_01.o
    0x00000178   0x00000178   0x00000000   Code   RO         3932  * .ARM.Collect$$$$00000000  mc_w.l(entry.o)
    0x00000178   0x00000178   0x00000004   Code   RO         3935    .ARM.Collect$$$$00000001  mc_w.l(entry2.o)
    0x0000017c   0x0000017c   0x00000004   Code   RO         3938    .ARM.Collect$$$$00000004  mc_w.l(entry5.o)
    0x00000180   0x00000180   0x00000000   Code   RO         3940    .ARM.Collect$$$$00000008  mc_w.l(entry7b.o)
    0x00000180   0x00000180   0x00000000   Code   RO         3942    .ARM.Collect$$$$0000000A  mc_w.l(entry8b.o)
    0x00000180   0x00000180   0x00000008   Code   RO         3943    .ARM.Collect$$$$0000000B  mc_w.l(entry9a.o)
    0x00000188   0x00000188   0x00000000   Code   RO         3945    .ARM.Collect$$$$0000000D  mc_w.l(entry10a.o)
    0x00000188   0x00000188   0x00000000   Code   RO         3947    .ARM.Collect$$$$0000000F  mc_w.l(entry11a.o)
    0x00000188   0x00000188   0x00000004   Code   RO         3936    .ARM.Collect$$$$00002712  mc_w.l(entry2.o)
    0x0000018c   0x0000018c   0x00000024   Code   RO         3949    .text               mc_w.l(init.o)
    0x000001b0   0x000001b0   0x00000064   Code   RO         1339    i.AFIO_GPxConfig    ht32f1xxxx_gpio.o
    0x00000214   0x00000214   0x00000002   Code   RO          180    i.BusFault_Handler  ht32f1xxxx_01_it.o
    0x00000216   0x00000216   0x00000002   PAD
    0x00000218   0x00000218   0x00000024   Code   RO          726    i.CKCU_PeripClockConfig  ht32f1xxxx_ckcu.o
    0x0000023c   0x0000023c   0x00000002   Code   RO          181    i.DebugMon_Handler  ht32f1xxxx_01_it.o
    0x0000023e   0x0000023e   0x00000018   Code   RO            4    i.Delay             main.o
    0x00000256   0x00000256   0x00000010   Code   RO         1342    i.GPIO_DirectionConfig  ht32f1xxxx_gpio.o
    0x00000266   0x00000266   0x00000010   Code   RO         1345    i.GPIO_InputConfig  ht32f1xxxx_gpio.o
    0x00000276   0x00000276   0x00000028   Code   RO         1350    i.GPIO_PullResistorConfig  ht32f1xxxx_gpio.o
    0x0000029e   0x0000029e   0x0000000a   Code   RO         1356    i.GPIO_WriteOutBits  ht32f1xxxx_gpio.o
    0x000002a8   0x000002a8   0x00000010   Code   RO          182    i.HardFault_Handler  ht32f1xxxx_01_it.o
    0x000002b8   0x000002b8   0x00000002   Code   RO          183    i.MemManage_Handler  ht32f1xxxx_01_it.o
    0x000002ba   0x000002ba   0x00000002   Code   RO          184    i.NMI_Handler       ht32f1xxxx_01_it.o
    0x000002bc   0x000002bc   0x00000048   Code   RO         1897    i.PWRCU_CheckReadyAccessed  ht32f1xxxx_pwrcu.o
    0x00000304   0x00000304   0x00000002   Code   RO          185    i.PendSV_Handler    ht32f1xxxx_01_it.o
    0x00000306   0x00000306   0x00000002   Code   RO          186    i.SVC_Handler       ht32f1xxxx_01_it.o
    0x00000308   0x00000308   0x00000002   Code   RO          187    i.SysTick_Handler   ht32f1xxxx_01_it.o
    0x0000030a   0x0000030a   0x00000002   PAD
    0x0000030c   0x0000030c   0x000000c8   Code   RO          254    i.SystemInit        system_ht32f1xxxx_01.o
    0x000003d4   0x000003d4   0x00000002   Code   RO          188    i.UsageFault_Handler  ht32f1xxxx_01_it.o
    0x000003d6   0x000003d6   0x0000000e   Code   RO         3953    i.__scatterload_copy  mc_w.l(handlers.o)
    0x000003e4   0x000003e4   0x00000002   Code   RO         3954    i.__scatterload_null  mc_w.l(handlers.o)
    0x000003e6   0x000003e6   0x0000000e   Code   RO         3955    i.__scatterload_zeroinit  mc_w.l(handlers.o)
    0x000003f4   0x000003f4   0x00000124   Code   RO            5    i.main              main.o
    0x00000518   0x00000518   0x00000020   Data   RO         3951    Region$$Table       anon$$obj.o


    Execution Region ER_RW (Exec base: 0x20000000, Load base: 0x00000538, Size: 0x00000004, Max: 0xffffffff, ABSOLUTE)

    Exec Addr    Load Addr    Size         Type   Attr      Idx    E Section Name        Object

    0x20000000   0x00000538   0x00000004   Data   RW          189    .data               ht32f1xxxx_01_it.o


    Execution Region ER_ZI (Exec base: 0x20000004, Load base: 0x0000053c, Size: 0x00000204, Max: 0xffffffff, ABSOLUTE)

    Exec Addr    Load Addr    Size         Type   Attr      Idx    E Section Name        Object

    0x20000004   0x0000053c   0x00000004   PAD
    0x20000008        -       0x00000200   Zero   RW          289    STACK               startup_ht32f1xxxx_01.o


==============================================================================

Image component sizes


      Code (inc. data)   RO Data    RW Data    ZI Data      Debug   Object Name

        32          6          0          4          0       4290   ht32f1xxxx_01_it.o
        36          4          0          0          0       7488   ht32f1xxxx_ckcu.o
       182          6          0          0          0       8561   ht32f1xxxx_gpio.o
        72         12          0          0          0       3043   ht32f1xxxx_pwrcu.o
       316         22          0          0          0      27391   main.o
       376        348          0          0        512        820   startup_ht32f1xxxx_01.o
       200         26          0          0          0        637   system_ht32f1xxxx_01.o

    ----------------------------------------------------------------------
      1218        424         32          4        516      52230   Object Totals
         0          0         32          0          0          0   (incl. Generated)
         4          0          0          0          4          0   (incl. Padding)

    ----------------------------------------------------------------------

      Code (inc. data)   RO Data    RW Data    ZI Data      Debug   Library Member Name

         0          0          0          0          0          0   entry.o
         0          0          0          0          0          0   entry10a.o
         0          0          0          0          0          0   entry11a.o
         8          4          0          0          0          0   entry2.o
         4          0          0          0          0          0   entry5.o
         0          0          0          0          0          0   entry7b.o
         0          0          0          0          0          0   entry8b.o
         8          4          0          0          0          0   entry9a.o
        30          0          0          0          0          0   handlers.o
        36          8          0          0          0         68   init.o

    ----------------------------------------------------------------------
        86         16          0          0          0         68   Library Totals
         0          0          0          0          0          0   (incl. Padding)

    ----------------------------------------------------------------------

      Code (inc. data)   RO Data    RW Data    ZI Data      Debug   Library Name

        86         16          0          0          0         68   mc_w.l

    ----------------------------------------------------------------------
        86         16          0          0          0         68   Library Totals

    ----------------------------------------------------------------------

==============================================================================


      Code (inc. data)   RO Data    RW Data    ZI Data      Debug   

      1304        440         32          4        516      51722   Grand Totals
      1304        440         32          4        516      51722   ELF Image Totals
      1304        440         32          4          0          0   ROM Totals

==============================================================================

    Total RO  Size (Code + RO Data)                 1336 (   1.30kB)
    Total RW  Size (RW Data + ZI Data)               520 (   0.51kB)
    Total ROM Size (Code + RO Data + RW Data)       1340 (   1.31kB)

==============================================================================

